========================================================================
  OracleD WHOLE-PORT Type Stability Report — Variant: graeme
  Date: 2026-09-04T11:34:13.727
========================================================================

  COLOUR LEGEND
    [31mred    [0m  definite instability: `::Any` / untyped / abstract field, dynamic dispatch, error
    [33myellow [0m  possible instability: `::Union{...}` (may be benign)
    [32mgreen  [0m  no issue
  View with `less -R` or `cat` to see the colours.

========================================================================
  SCAN A — STRUCT DEFINITION SCAN (entire src/, source level)
========================================================================
  [1m14 structs, 129 fields: [31m0 Any-field(s) [0m| [35m0 abstract-field(s) [0m| [33m0 Union-field(s) [0m


  [32mNo struct fields with Any / abstract / Union types found.[0m

========================================================================
  SCAN B — REFLECTED TYPE AUDIT (runtime fieldtypes over OracleD)
========================================================================
  Reflected [1m14[0m concrete structs defined in OracleD.
  Any-inline = whether instances are stored inline (no heap box).


  Totals: [31m0 Any[0m / [35m0 abstract[0m / [33m0 union[0m fields across [1m0 / 14[0m reflected structs.

========================================================================
  SCAN C — WHOLE-PORT JET SCAN (report_file on src/OracleD.jl)
========================================================================
  [31mFound 15 whole-port problem(s):[0m
  [33m[ISSUE][0m MethodErrorReport(no matching method found `getindex(::Nothing, ::String)`, `getindex(::Bool, ::String)`, `getindex(::Float64, ::String)`, `getindex(::Int64, ::String)`, `getindex(::String, ::String)`
  [33m[ISSUE][0m MethodErrorReport(no matching method found `get!(::Nothing, ::String, ::OrderedDict{String, Any})`, `get!(::Bool, ::String, ::OrderedDict{String, Any})`, `get!(::Float64, ::String, ::OrderedDict{Strin
  [33m[ISSUE][0m MethodErrorReport(no matching method found `create_run_directory(::Nothing)`, `create_run_directory(::Bool)`, `create_run_directory(::Float64)`, `create_run_directory(::Int64)`, `create_run_directory(
  [33m[ISSUE][0m MethodErrorReport(no matching method found `getindex(::Nothing, ::String)`, `getindex(::Bool, ::String)`, `getindex(::Float64, ::String)`, `getindex(::Int64, ::String)`, `getindex(::String, ::String)`
  [33m[ISSUE][0m NonBooleanCondErrorReport(non-boolean `Missing` found in boolean context (1/2 union split): goto %77 if not Main.var"##JETVirtualModule#285".OracleD.in(verbosity, tuple("medium", "high")::Tuple{String
  [33m[ISSUE][0m NonBooleanCondErrorReport(non-boolean `Missing` found in boolean context (1/2 union split): goto %350 if not Main.var"##JETVirtualModule#285".OracleD.in(verbosity::Any, tuple("low", "medium", "high"):
  [33m[ISSUE][0m MethodErrorReport(no matching method found `Main.var"##JETVirtualModule#285".OracleD.Simulation(::Nothing, ::Vector{Tuple{Main.var"##JETVirtualModule#285".OracleD.WorkerNodeSpec, Int64}})`, `Main.var"
  [33m[ISSUE][0m MethodErrorReport(no matching method found `+(::Nothing, ::Int64)` (1/2 union split): (freqindex Main.var"##JETVirtualModule#285".OracleD.:+ 1))
  [33m[ISSUE][0m MethodErrorReport(no matching method found `+(::Nothing, ::Int64)` (1/2 union split): (freqindex::Union{Nothing, Int64} Main.var"##JETVirtualModule#285".OracleD.:+ 1))
  [33m[ISSUE][0m MethodErrorReport(no matching method found `+(::Nothing, ::Int64)` (1/2 union split): (freqindex::Union{Nothing, Int64} Main.var"##JETVirtualModule#285".OracleD.:+ 1))
  [33m[ISSUE][0m MethodErrorReport(no matching method found `+(::Nothing, ::Int64)` (1/2 union split): (freqindex::Union{Nothing, Int64} Main.var"##JETVirtualModule#285".OracleD.:+ 1))
  [33m[ISSUE][0m MethodErrorReport(no matching method found `-(::Nothing, ::Int64)` (1/2 union split): (freqindex Main.var"##JETVirtualModule#285".OracleD.:- 1))
  [33m[ISSUE][0m MethodErrorReport(no matching method found `-(::Nothing, ::Int64)` (1/2 union split): (freqindex::Union{Nothing, Int64} Main.var"##JETVirtualModule#285".OracleD.:- 1))
  [33m[ISSUE][0m MethodErrorReport(no matching method found `-(::Nothing, ::Int64)` (1/2 union split): (freqindex::Union{Nothing, Int64} Main.var"##JETVirtualModule#285".OracleD.:- 1))
  [33m[ISSUE][0m MethodErrorReport(no matching method found `-(::Nothing, ::Int64)` (1/2 union split): (freqindex::Union{Nothing, Int64} Main.var"##JETVirtualModule#285".OracleD.:- 1))

========================================================================
  SCAN D — SELECTIVE DEEP-DIVE (hot-path functions)
========================================================================
