========================================================================
  OracleD WHOLE-PORT Type Stability Report — Variant: graeme
  Date: 2026-09-04T11:41:12.790
========================================================================

  COLOUR LEGEND
    [31mred    [0m  definite instability: `::Any` / untyped / abstract field, dynamic dispatch, error
    [33myellow [0m  possible instability: `::Union{...}` (may be benign)
    [32mgreen  [0m  no issue
  View with `less -R` or `cat` to see the colours.

========================================================================
  SCAN A — STRUCT DEFINITION SCAN (entire src/, source level)
========================================================================
  [1m14 structs, 129 fields: [31m0 Any-field(s) [0m| [35m0 abstract-field(s) [0m| [33m0 Union-field(s) [0m


  [32mNo struct fields with Any / abstract / Union types found.[0m

========================================================================
  SCAN B — REFLECTED TYPE AUDIT (runtime fieldtypes over OracleD)
========================================================================
  Reflected [1m14[0m concrete structs defined in OracleD.
  Any-inline = whether instances are stored inline (no heap box).


  Totals: [31m0 Any[0m / [35m0 abstract[0m / [33m0 union[0m fields across [1m0 / 14[0m reflected structs.

========================================================================
  SCAN C — WHOLE-PORT JET SCAN (report_file on src/OracleD.jl)
========================================================================
  [31mFound 15 whole-port problem(s):[0m
  [33m[ISSUE][0m MethodErrorReport(no matching method found `getindex(::Nothing, ::String)`, `getindex(::Bool, ::String)`, `getindex(::Float64, ::String)`, `getindex(::Int64, ::String)`, `getindex(::String, ::String)`
  [33m[ISSUE][0m MethodErrorReport(no matching method found `get!(::Nothing, ::String, ::OrderedDict{String, Any})`, `get!(::Bool, ::String, ::OrderedDict{String, Any})`, `get!(::Float64, ::String, ::OrderedDict{Strin
  [33m[ISSUE][0m MethodErrorReport(no matching method found `create_run_directory(::Nothing)`, `create_run_directory(::Bool)`, `create_run_directory(::Float64)`, `create_run_directory(::Int64)`, `create_run_directory(
  [33m[ISSUE][0m MethodErrorReport(no matching method found `getindex(::Nothing, ::String)`, `getindex(::Bool, ::String)`, `getindex(::Float64, ::String)`, `getindex(::Int64, ::String)`, `getindex(::String, ::String)`
  [33m[ISSUE][0m NonBooleanCondErrorReport(non-boolean `Missing` found in boolean context (1/2 union split): goto %77 if not Main.var"##JETVirtualModule#285".OracleD.in(verbosity, tuple("medium", "high")::Tuple{String
  [33m[ISSUE][0m NonBooleanCondErrorReport(non-boolean `Missing` found in boolean context (1/2 union split): goto %350 if not Main.var"##JETVirtualModule#285".OracleD.in(verbosity::Any, tuple("low", "medium", "high"):
  [33m[ISSUE][0m MethodErrorReport(no matching method found `Main.var"##JETVirtualModule#285".OracleD.Simulation(::Nothing, ::Vector{Tuple{Main.var"##JETVirtualModule#285".OracleD.WorkerNodeSpec, Int64}})`, `Main.var"
  [33m[ISSUE][0m MethodErrorReport(no matching method found `+(::Nothing, ::Int64)` (1/2 union split): (freqindex Main.var"##JETVirtualModule#285".OracleD.:+ 1))
  [33m[ISSUE][0m MethodErrorReport(no matching method found `+(::Nothing, ::Int64)` (1/2 union split): (freqindex::Union{Nothing, Int64} Main.var"##JETVirtualModule#285".OracleD.:+ 1))
  [33m[ISSUE][0m MethodErrorReport(no matching method found `+(::Nothing, ::Int64)` (1/2 union split): (freqindex::Union{Nothing, Int64} Main.var"##JETVirtualModule#285".OracleD.:+ 1))
  [33m[ISSUE][0m MethodErrorReport(no matching method found `+(::Nothing, ::Int64)` (1/2 union split): (freqindex::Union{Nothing, Int64} Main.var"##JETVirtualModule#285".OracleD.:+ 1))
  [33m[ISSUE][0m MethodErrorReport(no matching method found `-(::Nothing, ::Int64)` (1/2 union split): (freqindex Main.var"##JETVirtualModule#285".OracleD.:- 1))
  [33m[ISSUE][0m MethodErrorReport(no matching method found `-(::Nothing, ::Int64)` (1/2 union split): (freqindex::Union{Nothing, Int64} Main.var"##JETVirtualModule#285".OracleD.:- 1))
  [33m[ISSUE][0m MethodErrorReport(no matching method found `-(::Nothing, ::Int64)` (1/2 union split): (freqindex::Union{Nothing, Int64} Main.var"##JETVirtualModule#285".OracleD.:- 1))
  [33m[ISSUE][0m MethodErrorReport(no matching method found `-(::Nothing, ::Int64)` (1/2 union split): (freqindex::Union{Nothing, Int64} Main.var"##JETVirtualModule#285".OracleD.:- 1))

========================================================================
  SCAN D — SELECTIVE DEEP-DIVE (hot-path functions)
========================================================================
--- JET.@report_call (errors): Cluster.update! ---
  [31m[ERROR][0m NonBooleanCondErrorReport(non-boolean `Missing` found in boolean context (1/2 union split): goto %77 if not Main.OracleD.in(verbosity, tuple("medium", "high")::Tuple{String, String})::Union{Missing, Bool})
  [31m[ERROR][0m NonBooleanCondErrorReport(non-boolean `Missing` found in boolean context (1/2 union split): goto %350 if not Main.OracleD.in(verbosity::Any, tuple("low", "medium", "high")::Tuple{String, String, String})::Union{Missing, Bool})
  [31m[ERROR][0m SeriousExceptionReport(ArgumentError: invalid index: throw(ArgumentError(LazyString("invalid index: ", Base.limitrepr(i::Nothing)::String, " of type ", typeof(i::Nothing)::Type{Nothing})::LazyString)::ArgumentError))
  [31m[ERROR][0m MethodErrorReport(no matching method found `+(::Nothing, ::Int64)` (1/2 union split): (freqindex Main.OracleD.:+ 1))
  [31m[ERROR][0m MethodErrorReport(no matching method found `+(::Nothing, ::Int64)` (1/2 union split): (freqindex::Union{Nothing, Int64} Main.OracleD.:+ 1))
  [31m[ERROR][0m MethodErrorReport(no matching method found `+(::Nothing, ::Int64)` (1/2 union split): (freqindex::Union{Nothing, Int64} Main.OracleD.:+ 1))
  [31m[ERROR][0m MethodErrorReport(no matching method found `+(::Nothing, ::Int64)` (1/2 union split): (freqindex::Union{Nothing, Int64} Main.OracleD.:+ 1))
  [31m[ERROR][0m MethodErrorReport(no matching method found `-(::Nothing, ::Int64)` (1/2 union split): (freqindex Main.OracleD.:- 1))
  [31m[ERROR][0m MethodErrorReport(no matching method found `-(::Nothing, ::Int64)` (1/2 union split): (freqindex::Union{Nothing, Int64} Main.OracleD.:- 1))
  [31m[ERROR][0m MethodErrorReport(no matching method found `-(::Nothing, ::Int64)` (1/2 union split): (freqindex::Union{Nothing, Int64} Main.OracleD.:- 1))
  [31m[ERROR][0m MethodErrorReport(no matching method found `-(::Nothing, ::Int64)` (1/2 union split): (freqindex::Union{Nothing, Int64} Main.OracleD.:- 1))

--- JET.@report_call (errors): WorkerNode.update! ---
  [31m[ERROR][0m NonBooleanCondErrorReport(non-boolean `Missing` found in boolean context (1/2 union split): goto %77 if not Main.OracleD.in(verbosity, tuple("medium", "high")::Tuple{String, String})::Union{Missing, Bool})
  [31m[ERROR][0m NonBooleanCondErrorReport(non-boolean `Missing` found in boolean context (1/2 union split): goto %350 if not Main.OracleD.in(verbosity::Any, tuple("low", "medium", "high")::Tuple{String, String, String})::Union{Missing, Bool})

--- JET.@report_call (errors): JobScheduler.update! ---
  [31m[ERROR][0m NonBooleanCondErrorReport(non-boolean `Missing` found in boolean context (1/2 union split): goto %77 if not Main.OracleD.in(verbosity, tuple("medium", "high")::Tuple{String, String})::Union{Missing, Bool})
  [31m[ERROR][0m NonBooleanCondErrorReport(non-boolean `Missing` found in boolean context (1/2 union split): goto %350 if not Main.OracleD.in(verbosity::Any, tuple("low", "medium", "high")::Tuple{String, String, String})::Union{Missing, Bool})

--- JET.@report_call (errors): Simulation constructor ---
  [31m[ERROR][0m NonBooleanCondErrorReport(non-boolean `Missing` found in boolean context (1/2 union split): goto %77 if not Main.OracleD.in(verbosity, tuple("medium", "high")::Tuple{String, String})::Union{Missing, Bool})
  [31m[ERROR][0m NonBooleanCondErrorReport(non-boolean `Missing` found in boolean context (1/2 union split): goto %350 if not Main.OracleD.in(verbosity::Any, tuple("low", "medium", "high")::Tuple{String, String, String})::Union{Missing, Bool})

--- JET.@report_opt (instabilities): Cluster.update! ---
  [32m[OK][0m no optimization failures / dynamic dispatch detected

--- JET.@report_opt (instabilities): WorkerNode.update! ---
  [32m[OK][0m no optimization failures / dynamic dispatch detected

--- JET.@report_opt (instabilities): JobScheduler.update! ---
  [32m[OK][0m no optimization failures / dynamic dispatch detected

--- JET.@report_opt (instabilities): Simulation constructor ---
  [33m[INSTABILITY][0m RuntimeDispatchReport(runtime dispatch detected: Dates.iterate(str::AbstractString, i::Int64)::Any)
  [33m[INSTABILITY][0m RuntimeDispatchReport(runtime dispatch detected: Dates.iterate(str::AbstractString, %21::Int64)::Any)
  [33m[INSTABILITY][0m RuntimeDispatchReport(runtime dispatch detected: Dates.tryparsenext(d::Dates.DatePart{'y'}, str::AbstractString, i::Int64, len::Int64)::Union{Nothing, Tuple{Int64, Int64}})
  [33m[INSTABILITY][0m RuntimeDispatchReport(runtime dispatch detected: Dates.tryparsenext(d::Dates.Delim{Char, 1}, str::AbstractString, i::Int64, len::Int64)::Union{Nothing, Tuple{Bool, Any}})
  [33m[INSTABILITY][0m RuntimeDispatchReport(runtime dispatch detected: Dates.tryparsenext(d::Dates.DatePart{'m'}, str::AbstractString, i::Any, len::Int64)::Union{Nothing, Tuple{Int64, Int64}})
  [33m[INSTABILITY][0m RuntimeDispatchReport(runtime dispatch detected: Dates.tryparsenext(d::Dates.DatePart{'d'}, str::AbstractString, i::Any, len::Int64)::Union{Nothing, Tuple{Int64, Int64}})
  [33m[INSTABILITY][0m RuntimeDispatchReport(runtime dispatch detected: Dates.tryparsenext(d::Dates.DatePart{'H'}, str::AbstractString, i::Any, len::Int64)::Union{Nothing, Tuple{Int64, Int64}})
  [33m[INSTABILITY][0m RuntimeDispatchReport(runtime dispatch detected: Dates.tryparsenext(d::Dates.DatePart{'M'}, str::AbstractString, i::Any, len::Int64)::Union{Nothing, Tuple{Int64, Int64}})
  [33m[INSTABILITY][0m RuntimeDispatchReport(runtime dispatch detected: (%1::Any)["verbosity"]::Any)
  [33m[INSTABILITY][0m RuntimeDispatchReport(runtime dispatch detected: Main.OracleD.get(%1::Any, "run_dir", "logs")::Any)
  [33m[INSTABILITY][0m RuntimeDispatchReport(runtime dispatch detected: Main.OracleD.DataLogger(0, 0, 0, 0, 0, 0, 0.0, 0.0, 0.0, 0.0, 0.0, 0.0, 0.0, 0.0, 0.0, 0.0, 0.0, %2::Any, %3::Any, %61::OrderedDict{String, Any})::Main.OracleD.DataLogger)
  [33m[INSTABILITY][0m RuntimeDispatchReport(runtime dispatch detected: ((%58::OrderedDict{String, Any})[%88::String] = %87::Any::Any))
  [33m[INSTABILITY][0m RuntimeDispatchReport(runtime dispatch detected: (%343::Any)["regular_incoming"]::Any)
  [33m[INSTABILITY][0m RuntimeDispatchReport(runtime dispatch detected: Main.OracleD.isempty(%346::Any)::Any)
  [33m[INSTABILITY][0m RuntimeDispatchReport(runtime dispatch detected: Main.OracleD.:!(%347::Any)::Any)
  [33m[INSTABILITY][0m RuntimeDispatchReport(runtime dispatch detected: (%343::Any)["regular_incoming"]::Any)
  [33m[INSTABILITY][0m RuntimeDispatchReport(runtime dispatch detected: iterate(%353::Any)::Any)
  [33m[INSTABILITY][0m RuntimeDispatchReport(runtime dispatch detected: (%359::Any)["job_mix"]::Any)
  [33m[INSTABILITY][0m RuntimeDispatchReport(runtime dispatch detected: iterate(%361::Any)::Any)
  [33m[INSTABILITY][0m RuntimeDispatchReport(runtime dispatch detected: Base.indexed_iterate(%367::Any, 1)::Any)
  [33m[INSTABILITY][0m RuntimeDispatchReport(runtime dispatch detected: Base.indexed_iterate(%367::Any, 2, %370::Any)::Any)
  [33m[INSTABILITY][0m RuntimeDispatchReport(runtime dispatch detected: (%359::Any)["incoming_timestep_seconds"]::Any)
  [33m[INSTABILITY][0m RuntimeDispatchReport(runtime dispatch detected: string(%369::Any, ": ", %372::Any, " per ", %374::Any, " seconds")::String)
  [33m[INSTABILITY][0m RuntimeDispatchReport(runtime dispatch detected: iterate(%361::Any, %373::Any)::Any)
  [33m[INSTABILITY][0m RuntimeDispatchReport(runtime dispatch detected: iterate(%353::Any, %360::Any)::Any)
  [33m[INSTABILITY][0m RuntimeDispatchReport(runtime dispatch detected: string("  start_time: ", %525::Any)::String)
  [33m[INSTABILITY][0m RuntimeDispatchReport(runtime dispatch detected: string("  max_end_time: ", %641::Any)::String)
  [33m[INSTABILITY][0m RuntimeDispatchReport(runtime dispatch detected: string("  simulation_length_seconds: ", %757::Any)::String)
  [33m[INSTABILITY][0m RuntimeDispatchReport(runtime dispatch detected: string("  timestep_seconds: ", %873::Any)::String)
  [33m[INSTABILITY][0m RuntimeDispatchReport(runtime dispatch detected: string("  savings_policy: ", %989::Any)::String)
  [33m[INSTABILITY][0m RuntimeDispatchReport(runtime dispatch detected: (%113::Any)["file"]::Any)
  [33m[INSTABILITY][0m RuntimeDispatchReport(runtime dispatch detected: string("  carbon_intensity_file: ", %993::Any)::String)
  [33m[INSTABILITY][0m RuntimeDispatchReport(runtime dispatch detected: (%113::Any)["segments"]::Any)
  [33m[INSTABILITY][0m RuntimeDispatchReport(runtime dispatch detected: (%995::Any)["start"]::Any)
  [33m[INSTABILITY][0m RuntimeDispatchReport(runtime dispatch detected: (%997::Any)["end"]::Any)
  [33m[INSTABILITY][0m RuntimeDispatchReport(runtime dispatch detected: string("  carbon_intensity_segments: ", %996::Any, " to ", %998::Any)::String)
  [33m[INSTABILITY][0m RuntimeDispatchReport(runtime dispatch detected: (%113::Any)["high_CI_threshold"]::Any)
  [33m[INSTABILITY][0m RuntimeDispatchReport(runtime dispatch detected: string("  high_CI_threshold: ", %1000::Any)::String)
  [33m[INSTABILITY][0m RuntimeDispatchReport(runtime dispatch detected: (%228::Any)["worker_nodes"]::Any)
  [33m[INSTABILITY][0m RuntimeDispatchReport(runtime dispatch detected: string("  worker_nodes: ", %1002::Any)::String)
  [33m[INSTABILITY][0m RuntimeDispatchReport(runtime dispatch detected: (%228::Any)["worker_cores"]::Any)
  [33m[INSTABILITY][0m RuntimeDispatchReport(runtime dispatch detected: string("  worker_cores: ", %1004::Any)::String)
  [33m[INSTABILITY][0m RuntimeDispatchReport(runtime dispatch detected: (%228::Any)["worker_node_inventory"]::Any)
  [33m[INSTABILITY][0m RuntimeDispatchReport(runtime dispatch detected: Main.OracleD._format_job_mix(%1006::Any)::Union{Nothing, Base.AnnotatedString{String}, String})
  [33m[INSTABILITY][0m RuntimeDispatchReport(runtime dispatch detected: (%343::Any)["initial"]::Any)
  [33m[INSTABILITY][0m RuntimeDispatchReport(runtime dispatch detected: Main.OracleD._format_job_mix(%1022::Any)::Union{Nothing, Base.AnnotatedString{String}, String})
  [33m[INSTABILITY][0m RuntimeDispatchReport(runtime dispatch detected: (%1::Any)["desired_starttime"]::Any)
  [33m[INSTABILITY][0m RuntimeDispatchReport(runtime dispatch detected: Main.OracleD.SimulationTime(config::Dict{String, Any}, %2::Any)::Main.OracleD.SimulationTime)
  [33m[INSTABILITY][0m RuntimeDispatchReport(runtime dispatch detected: (%4::Any)["simulation_length"]::Any)
  [33m[INSTABILITY][0m RuntimeDispatchReport(runtime dispatch detected: (%6::Any)["timestep"]::Any)
  [33m[INSTABILITY][0m RuntimeDispatchReport(runtime dispatch detected: ((%3::Main.OracleD.SimulationTime).timestep_seconds = %7::Any::Any))
  [33m[INSTABILITY][0m RuntimeDispatchReport(runtime dispatch detected: Main.OracleD.Second(%5::Any)::Any)
  [33m[INSTABILITY][0m RuntimeDispatchReport(runtime dispatch detected: (%43::DateTime Main.OracleD.:+ %44::Any)::Any)
  [33m[INSTABILITY][0m RuntimeDispatchReport(runtime dispatch detected: (%84::Any)["verbosity"]::Any)
  [33m[INSTABILITY][0m RuntimeDispatchReport(runtime dispatch detected: Main.OracleD.in(%85::Any, %95::Tuple{String, String})::Union{Missing, Bool})
  [33m[INSTABILITY][0m RuntimeDispatchReport(runtime dispatch detected: (%100::Any)["folder"]::Any)
  [33m[INSTABILITY][0m RuntimeDispatchReport(runtime dispatch detected: (%102::Any)["filename"]::Any)
  [33m[INSTABILITY][0m RuntimeDispatchReport(runtime dispatch detected: Main.OracleD.joinpath(%101::Any, %103::Any)::String)
  [33m[INSTABILITY][0m RuntimeDispatchReport(runtime dispatch detected: (%109::Any)["high_CI_threshold"]::Any)
  [33m[INSTABILITY][0m RuntimeDispatchReport(runtime dispatch detected: (%112::Any)["savings_policy"]::Any)
  [33m[INSTABILITY][0m RuntimeDispatchReport(runtime dispatch detected: Main.OracleD.Cluster(config::Dict{String, Any}, %3::Main.OracleD.SimulationTime, inventory::Vector{Tuple{Main.OracleD.WorkerNodeSpec, Int64}}, %108::Vector{Main.OracleD.CarbonIntensityEntry}, %113::Any, %110::Any, %111::Main.OracleD.DataLogger)::Main.OracleD.Cluster)
  [33m[INSTABILITY][0m RuntimeDispatchReport(runtime dispatch detected: Main.OracleD.pynum(%110::Any)::Any)
  [33m[INSTABILITY][0m RuntimeDispatchReport(runtime dispatch detected: ("CIThresholdValue: " Main.OracleD.:* %199::Any)::Union{Missing, Base.AnnotatedString{String}, Regex, String})
  [33m[INSTABILITY][0m RuntimeDispatchReport(runtime dispatch detected: (%228::Any)["regular_incoming_mix"]::Any)
  [33m[INSTABILITY][0m RuntimeDispatchReport(runtime dispatch detected: Main.OracleD.isempty(%229::Any)::Any)
  [33m[INSTABILITY][0m RuntimeDispatchReport(runtime dispatch detected: Main.OracleD.:!(%230::Any)::Any)
  [33m[INSTABILITY][0m RuntimeDispatchReport(runtime dispatch detected: (%233::Any)["regular_incoming_mix"]::Any)
  [33m[INSTABILITY][0m RuntimeDispatchReport(runtime dispatch detected: Base.Generator(#Simulation##0, %234::Any)::Base.Generator{_A, Main.OracleD.var"#Simulation##0#Simulation##1"} where _A)
  [33m[INSTABILITY][0m RuntimeDispatchReport(runtime dispatch detected: ::OrderedDict{String, Int64}(%235::Base.Generator{_A, Main.OracleD.var"#Simulation##0#Simulation##1"} where _A)::OrderedDict{String, Int64})
  [33m[INSTABILITY][0m RuntimeDispatchReport(runtime dispatch detected: (%237::Any)["incoming_timestep"]::Any)
  [33m[INSTABILITY][0m RuntimeDispatchReport(runtime dispatch detected: (%280::Any)["initial_mix"]::Any)
  [33m[INSTABILITY][0m RuntimeDispatchReport(runtime dispatch detected: Main.OracleD.JobScheduler(%3::Main.OracleD.SimulationTime, %114::Main.OracleD.Cluster, %281::Any, %227::Vector{Tuple{OrderedDict{String, Int64}, Int64}})::Main.OracleD.JobScheduler)
  [33m[INSTABILITY][0m RuntimeDispatchReport(runtime dispatch detected: Main.OracleD.Float64(%110::Any)::Any)
  [33m[INSTABILITY][0m RuntimeDispatchReport(runtime dispatch detected: Main.OracleD.Simulation(%2::Any, %3::Main.OracleD.SimulationTime, %5::Any, %41::DateTime, %80::DateTime, %85::Any, %104::String, %105::String, %108::Vector{Main.OracleD.CarbonIntensityEntry}, %614::Any, %114::Main.OracleD.Cluster, %111::Main.OracleD.DataLogger, %282::Main.OracleD.JobScheduler, "RF20PMTest-50000LHCJobs-Base")::Main.OracleD.Simulation)
  [33m[INSTABILITY][0m RuntimeDispatchReport(runtime dispatch detected: Main.OracleD.in(%85::Any, %632::Tuple{String, String, String})::Union{Missing, Bool})
  [33m[INSTABILITY][0m RuntimeDispatchReport(runtime dispatch detected: Main.OracleD._get_simulation_parameters(%631::Main.OracleD.Simulation, %101::Any, %103::Any, config::Dict{String, Any})::OrderedDict{String, Any})

--- JET.@report_call (errors): create_job (GridPP) ---
  [31m[ERROR][0m UndefVarErrorReport(`Main.OracleD.create_job` is not defined: getglobal(x::Module, f::Symbol))

--- JET.@report_call (errors): create_job (LHCb) ---
  [31m[ERROR][0m UndefVarErrorReport(`Main.OracleD.create_job` is not defined: getglobal(x::Module, f::Symbol))

--- JET.@report_call (errors): load_cluster_inventory ---
  [32m[OK][0m no errors detected by JET

--- JET.@report_opt (instabilities): create_job (GridPP) ---
  [33m[INSTABILITY][0m RuntimeDispatchReport(runtime dispatch detected: %1::Any(%2::Main.OracleD.GridPPJobFactory)::Any)

--- JET.@report_opt (instabilities): create_job (LHCb) ---
  [33m[INSTABILITY][0m RuntimeDispatchReport(runtime dispatch detected: %1::Any(%2::Main.OracleD.LHCbJobFactory)::Any)

--- JET.@report_opt (instabilities): load_cluster_inventory ---
  [32m[OK][0m no optimization failures / dynamic dispatch detected

