========================================================================
  OracleD Type Stability Report — Variant: graeme
  Date: 2026-09-01T13:34:35.547
========================================================================

  COLOUR LEGEND
    [31mred    [0m  definite type instability: `::Any` / `Core.Box` (dynamic dispatch)
    [33myellow [0m  possible type instability: `::Union{...}` (may be benign)
    [32mgreen  [0m  no instability found
  View with `less -R` or `cat` to see the colours.

--- JET.@report_call (errors): Cluster.update! ---
  [31m[ERROR][0m NonBooleanCondErrorReport(non-boolean `Missing` found in boolean context (1/2 union split): goto %77 if not Main.OracleD.in(verbosity, tuple("medium", "high")::Tuple{String, String})::Union{Missing, Bool})
  [31m[ERROR][0m NonBooleanCondErrorReport(non-boolean `Missing` found in boolean context (1/2 union split): goto %350 if not Main.OracleD.in(verbosity::Any, tuple("low", "medium", "high")::Tuple{String, String, String})::Union{Missing, Bool})
  [31m[ERROR][0m BuiltinErrorReport(FieldError: type Main.OracleD.Simulation has no field `_cluster`, available fields: `desiredStartTime`, `simulation_time`, `simulation_length`, `simulation_starting_segment`, `simulation_maxfinal_segment`, `verbosity`, `datastart_str`, `datafinal_str`, `CIntendata`, `CIThresholdValue`, `cluster`, `datalogger`, `jobScheduler`, `jobdescript`: getfield(x::Main.OracleD.Simulation, f::Symbol))

--- JET.@report_call (errors): WorkerNode.update! ---
  [31m[ERROR][0m NonBooleanCondErrorReport(non-boolean `Missing` found in boolean context (1/2 union split): goto %77 if not Main.OracleD.in(verbosity, tuple("medium", "high")::Tuple{String, String})::Union{Missing, Bool})
  [31m[ERROR][0m NonBooleanCondErrorReport(non-boolean `Missing` found in boolean context (1/2 union split): goto %350 if not Main.OracleD.in(verbosity::Any, tuple("low", "medium", "high")::Tuple{String, String, String})::Union{Missing, Bool})
  [31m[ERROR][0m BuiltinErrorReport(FieldError: type Main.OracleD.Simulation has no field `_cluster`, available fields: `desiredStartTime`, `simulation_time`, `simulation_length`, `simulation_starting_segment`, `simulation_maxfinal_segment`, `verbosity`, `datastart_str`, `datafinal_str`, `CIntendata`, `CIThresholdValue`, `cluster`, `datalogger`, `jobScheduler`, `jobdescript`: getfield(x::Main.OracleD.Simulation, f::Symbol))

--- JET.@report_call (errors): JobScheduler.update! ---
  [31m[ERROR][0m NonBooleanCondErrorReport(non-boolean `Missing` found in boolean context (1/2 union split): goto %77 if not Main.OracleD.in(verbosity, tuple("medium", "high")::Tuple{String, String})::Union{Missing, Bool})
  [31m[ERROR][0m NonBooleanCondErrorReport(non-boolean `Missing` found in boolean context (1/2 union split): goto %350 if not Main.OracleD.in(verbosity::Any, tuple("low", "medium", "high")::Tuple{String, String, String})::Union{Missing, Bool})
  [31m[ERROR][0m BuiltinErrorReport(FieldError: type Main.OracleD.Simulation has no field `_jobScheduler`, available fields: `desiredStartTime`, `simulation_time`, `simulation_length`, `simulation_starting_segment`, `simulation_maxfinal_segment`, `verbosity`, `datastart_str`, `datafinal_str`, `CIntendata`, `CIThresholdValue`, `cluster`, `datalogger`, `jobScheduler`, `jobdescript`: getfield(x::Main.OracleD.Simulation, f::Symbol))

--- JET.@report_call (errors): Simulation constructor ---
  [31m[ERROR][0m NonBooleanCondErrorReport(non-boolean `Missing` found in boolean context (1/2 union split): goto %77 if not Main.OracleD.in(verbosity, tuple("medium", "high")::Tuple{String, String})::Union{Missing, Bool})
  [31m[ERROR][0m NonBooleanCondErrorReport(non-boolean `Missing` found in boolean context (1/2 union split): goto %350 if not Main.OracleD.in(verbosity::Any, tuple("low", "medium", "high")::Tuple{String, String, String})::Union{Missing, Bool})

--- JET.@report_opt (instabilities): Cluster.update! ---
  [32m[OK][0m no optimization failures / dynamic dispatch detected

--- JET.@report_opt (instabilities): WorkerNode.update! ---
  [32m[OK][0m no optimization failures / dynamic dispatch detected

--- JET.@report_opt (instabilities): JobScheduler.update! ---
  [32m[OK][0m no optimization failures / dynamic dispatch detected

--- JET.@report_opt (instabilities): Simulation constructor ---
  [33m[INSTABILITY][0m RuntimeDispatchReport(runtime dispatch detected: Dates.iterate(str::AbstractString, i::Int64)::Any)
  [33m[INSTABILITY][0m RuntimeDispatchReport(runtime dispatch detected: Dates.iterate(str::AbstractString, %21::Int64)::Any)
  [33m[INSTABILITY][0m RuntimeDispatchReport(runtime dispatch detected: Dates.tryparsenext(d::Dates.DatePart{'y'}, str::AbstractString, i::Int64, len::Int64)::Union{Nothing, Tuple{Int64, Int64}})
  [33m[INSTABILITY][0m RuntimeDispatchReport(runtime dispatch detected: Dates.tryparsenext(d::Dates.Delim{Char, 1}, str::AbstractString, i::Int64, len::Int64)::Union{Nothing, Tuple{Bool, Any}})
  [33m[INSTABILITY][0m RuntimeDispatchReport(runtime dispatch detected: Dates.tryparsenext(d::Dates.DatePart{'m'}, str::AbstractString, i::Any, len::Int64)::Union{Nothing, Tuple{Int64, Int64}})
  [33m[INSTABILITY][0m RuntimeDispatchReport(runtime dispatch detected: Dates.tryparsenext(d::Dates.DatePart{'d'}, str::AbstractString, i::Any, len::Int64)::Union{Nothing, Tuple{Int64, Int64}})
  [33m[INSTABILITY][0m RuntimeDispatchReport(runtime dispatch detected: Dates.tryparsenext(d::Dates.DatePart{'H'}, str::AbstractString, i::Any, len::Int64)::Union{Nothing, Tuple{Int64, Int64}})
  [33m[INSTABILITY][0m RuntimeDispatchReport(runtime dispatch detected: Dates.tryparsenext(d::Dates.DatePart{'M'}, str::AbstractString, i::Any, len::Int64)::Union{Nothing, Tuple{Int64, Int64}})
  [33m[INSTABILITY][0m RuntimeDispatchReport(runtime dispatch detected: (%113::Any)["verbosity"]::Any)
  [33m[INSTABILITY][0m RuntimeDispatchReport(runtime dispatch detected: Main.OracleD.get(%113::Any, "run_dir", "logs")::Any)
  [33m[INSTABILITY][0m RuntimeDispatchReport(runtime dispatch detected: Main.OracleD.DataLogger(0, 0, 0, 0, 0, 0, 0.0, 0.0, 0.0, 0.0, 0.0, 0.0, 0.0, 0.0, 0.0, 0.0, 0.0, %116::Any, %117::Any, %175::OrderedDict{String, Any})::Main.OracleD.DataLogger)
  [33m[INSTABILITY][0m RuntimeDispatchReport(runtime dispatch detected: ((%58::OrderedDict{String, Any})[%88::String] = %87::Any::Any))
  [33m[INSTABILITY][0m RuntimeDispatchReport(runtime dispatch detected: (%343::Any)["regular_incoming"]::Any)
  [33m[INSTABILITY][0m RuntimeDispatchReport(runtime dispatch detected: Main.OracleD.isempty(%346::Any)::Any)
  [33m[INSTABILITY][0m RuntimeDispatchReport(runtime dispatch detected: Main.OracleD.:!(%347::Any)::Any)
  [33m[INSTABILITY][0m RuntimeDispatchReport(runtime dispatch detected: (%343::Any)["regular_incoming"]::Any)
  [33m[INSTABILITY][0m RuntimeDispatchReport(runtime dispatch detected: iterate(%353::Any)::Any)
  [33m[INSTABILITY][0m RuntimeDispatchReport(runtime dispatch detected: (%359::Any)["job_mix"]::Any)
  [33m[INSTABILITY][0m RuntimeDispatchReport(runtime dispatch detected: iterate(%361::Any)::Any)
  [33m[INSTABILITY][0m RuntimeDispatchReport(runtime dispatch detected: Base.indexed_iterate(%367::Any, 1)::Any)
  [33m[INSTABILITY][0m RuntimeDispatchReport(runtime dispatch detected: Base.indexed_iterate(%367::Any, 2, %370::Any)::Any)
  [33m[INSTABILITY][0m RuntimeDispatchReport(runtime dispatch detected: (%359::Any)["incoming_timestep_seconds"]::Any)
  [33m[INSTABILITY][0m RuntimeDispatchReport(runtime dispatch detected: string(%369::Any, ": ", %372::Any, " per ", %374::Any, " seconds")::String)
  [33m[INSTABILITY][0m RuntimeDispatchReport(runtime dispatch detected: iterate(%361::Any, %373::Any)::Any)
  [33m[INSTABILITY][0m RuntimeDispatchReport(runtime dispatch detected: iterate(%353::Any, %360::Any)::Any)
  [33m[INSTABILITY][0m RuntimeDispatchReport(runtime dispatch detected: string("  start_time: ", %525::Any)::String)
  [33m[INSTABILITY][0m RuntimeDispatchReport(runtime dispatch detected: string("  max_end_time: ", %641::Any)::String)
  [33m[INSTABILITY][0m RuntimeDispatchReport(runtime dispatch detected: string("  simulation_length_seconds: ", %757::Any)::String)
  [33m[INSTABILITY][0m RuntimeDispatchReport(runtime dispatch detected: string("  timestep_seconds: ", %873::Any)::String)
  [33m[INSTABILITY][0m RuntimeDispatchReport(runtime dispatch detected: string("  savings_policy: ", %989::Any)::String)
  [33m[INSTABILITY][0m RuntimeDispatchReport(runtime dispatch detected: (%113::Any)["file"]::Any)
  [33m[INSTABILITY][0m RuntimeDispatchReport(runtime dispatch detected: string("  carbon_intensity_file: ", %993::Any)::String)
  [33m[INSTABILITY][0m RuntimeDispatchReport(runtime dispatch detected: (%113::Any)["segments"]::Any)
  [33m[INSTABILITY][0m RuntimeDispatchReport(runtime dispatch detected: (%995::Any)["start"]::Any)
  [33m[INSTABILITY][0m RuntimeDispatchReport(runtime dispatch detected: (%997::Any)["end"]::Any)
  [33m[INSTABILITY][0m RuntimeDispatchReport(runtime dispatch detected: string("  carbon_intensity_segments: ", %996::Any, " to ", %998::Any)::String)
  [33m[INSTABILITY][0m RuntimeDispatchReport(runtime dispatch detected: (%113::Any)["high_CI_threshold"]::Any)
  [33m[INSTABILITY][0m RuntimeDispatchReport(runtime dispatch detected: string("  high_CI_threshold: ", %1000::Any)::String)
  [33m[INSTABILITY][0m RuntimeDispatchReport(runtime dispatch detected: (%228::Any)["worker_nodes"]::Any)
  [33m[INSTABILITY][0m RuntimeDispatchReport(runtime dispatch detected: string("  worker_nodes: ", %1002::Any)::String)
  [33m[INSTABILITY][0m RuntimeDispatchReport(runtime dispatch detected: (%228::Any)["worker_cores"]::Any)
  [33m[INSTABILITY][0m RuntimeDispatchReport(runtime dispatch detected: string("  worker_cores: ", %1004::Any)::String)
  [33m[INSTABILITY][0m RuntimeDispatchReport(runtime dispatch detected: (%228::Any)["worker_node_inventory"]::Any)
  [33m[INSTABILITY][0m RuntimeDispatchReport(runtime dispatch detected: Main.OracleD._format_job_mix(%1006::Any)::Union{Nothing, Base.AnnotatedString{String}, String})
  [33m[INSTABILITY][0m RuntimeDispatchReport(runtime dispatch detected: (%343::Any)["initial"]::Any)
  [33m[INSTABILITY][0m RuntimeDispatchReport(runtime dispatch detected: Main.OracleD._format_job_mix(%1022::Any)::Union{Nothing, Base.AnnotatedString{String}, String})
  [33m[INSTABILITY][0m RuntimeDispatchReport(runtime dispatch detected: (%113::Any)["desired_starttime"]::Any)
  [33m[INSTABILITY][0m RuntimeDispatchReport(runtime dispatch detected: Main.OracleD.SimulationTime(config::OrderedDict{String, Any}, %116::Any)::Main.OracleD.SimulationTime)
  [33m[INSTABILITY][0m RuntimeDispatchReport(runtime dispatch detected: (%230::Any)["simulation_length"]::Any)
  [33m[INSTABILITY][0m RuntimeDispatchReport(runtime dispatch detected: (%346::Any)["timestep"]::Any)
  [33m[INSTABILITY][0m RuntimeDispatchReport(runtime dispatch detected: ((%117::Main.OracleD.SimulationTime).timestep_seconds = %349::Any::Any))
  [33m[INSTABILITY][0m RuntimeDispatchReport(runtime dispatch detected: Main.OracleD.Second(%233::Any)::Any)
  [33m[INSTABILITY][0m RuntimeDispatchReport(runtime dispatch detected: (%385::DateTime Main.OracleD.:+ %386::Any)::Any)
  [33m[INSTABILITY][0m RuntimeDispatchReport(runtime dispatch detected: (%538::Any)["verbosity"]::Any)
  [33m[INSTABILITY][0m RuntimeDispatchReport(runtime dispatch detected: Main.OracleD.in(%541::Any, %551::Tuple{String, String})::Union{Missing, Bool})
  [33m[INSTABILITY][0m RuntimeDispatchReport(runtime dispatch detected: (%668::Any)["folder"]::Any)
  [33m[INSTABILITY][0m RuntimeDispatchReport(runtime dispatch detected: (%784::Any)["filename"]::Any)
  [33m[INSTABILITY][0m RuntimeDispatchReport(runtime dispatch detected: Main.OracleD.joinpath(%671::Any, %787::Any)::String)
  [33m[INSTABILITY][0m RuntimeDispatchReport(runtime dispatch detected: (%905::Any)["high_CI_threshold"]::Any)
  [33m[INSTABILITY][0m RuntimeDispatchReport(runtime dispatch detected: (%1022::Any)["savings_policy"]::Any)
  [33m[INSTABILITY][0m RuntimeDispatchReport(runtime dispatch detected: Main.OracleD.Cluster(config::OrderedDict{String, Any}, %117::Main.OracleD.SimulationTime, inventory::Vector{Tuple{Main.OracleD.WorkerNodeSpec, Int64}}, %792::Vector{Main.OracleD.CarbonIntensityEntry}, %1025::Any, %908::Any, %909::Main.OracleD.DataLogger)::Main.OracleD.Cluster)
  [33m[INSTABILITY][0m RuntimeDispatchReport(runtime dispatch detected: Main.OracleD.pynum(%908::Any)::Any)
  [33m[INSTABILITY][0m RuntimeDispatchReport(runtime dispatch detected: ("CIThresholdValue: " Main.OracleD.:* %1111::Any)::Union{Missing, Base.AnnotatedString{String}, Regex, String})
  [33m[INSTABILITY][0m RuntimeDispatchReport(runtime dispatch detected: (%1252::Any)["regular_incoming_mix"]::Any)
  [33m[INSTABILITY][0m RuntimeDispatchReport(runtime dispatch detected: Main.OracleD.isempty(%1255::Any)::Any)
  [33m[INSTABILITY][0m RuntimeDispatchReport(runtime dispatch detected: Main.OracleD.:!(%1256::Any)::Any)
  [33m[INSTABILITY][0m RuntimeDispatchReport(runtime dispatch detected: (%1371::Any)["regular_incoming_mix"]::Any)
  [33m[INSTABILITY][0m RuntimeDispatchReport(runtime dispatch detected: Base.Generator(#Simulation##0, %1374::Any)::Base.Generator{_A, Main.OracleD.var"#Simulation##0#Simulation##1"} where _A)
  [33m[INSTABILITY][0m RuntimeDispatchReport(runtime dispatch detected: ::OrderedDict{String, Int64}(%1375::Base.Generator{_A, Main.OracleD.var"#Simulation##0#Simulation##1"} where _A)::OrderedDict{String, Int64})
  [33m[INSTABILITY][0m RuntimeDispatchReport(runtime dispatch detected: (%1489::Any)["incoming_timestep"]::Any)
  [33m[INSTABILITY][0m RuntimeDispatchReport(runtime dispatch detected: (%1646::Any)["initial_mix"]::Any)
  [33m[INSTABILITY][0m RuntimeDispatchReport(runtime dispatch detected: Main.OracleD.JobScheduler(%117::Main.OracleD.SimulationTime, %1026::Main.OracleD.Cluster, %1649::Any, %1139::Vector{Tuple{OrderedDict{String, Int64}, Int64}})::Main.OracleD.JobScheduler)
  [33m[INSTABILITY][0m RuntimeDispatchReport(runtime dispatch detected: Main.OracleD.Float64(%908::Any)::Any)
  [33m[INSTABILITY][0m RuntimeDispatchReport(runtime dispatch detected: Main.OracleD.Simulation(%116::Any, %117::Main.OracleD.SimulationTime, %233::Any, %383::DateTime, %422::DateTime, %541::Any, %788::String, %789::String, %792::Vector{Main.OracleD.CarbonIntensityEntry}, %1982::Any, %1026::Main.OracleD.Cluster, %909::Main.OracleD.DataLogger, %1650::Main.OracleD.JobScheduler, "RF20PMTest-50000LHCJobs-Base")::Main.OracleD.Simulation)
  [33m[INSTABILITY][0m RuntimeDispatchReport(runtime dispatch detected: Main.OracleD.in(%541::Any, %2000::Tuple{String, String, String})::Union{Missing, Bool})
  [33m[INSTABILITY][0m RuntimeDispatchReport(runtime dispatch detected: Main.OracleD._get_simulation_parameters(%1999::Main.OracleD.Simulation, %671::Any, %787::Any, config::OrderedDict{String, Any})::OrderedDict{String, Any})

--- JET.@report_call (errors): create_job (GridPP) ---
  [31m[ERROR][0m UndefVarErrorReport(`Main.OracleD.create_job` is not defined: getglobal(x::Module, f::Symbol))

--- JET.@report_call (errors): create_job (LHCb) ---
  [31m[ERROR][0m UndefVarErrorReport(`Main.OracleD.create_job` is not defined: getglobal(x::Module, f::Symbol))

--- JET.@report_call (errors): load_cluster_inventory ---
  [32m[OK][0m no errors detected by JET

--- JET.@report_opt (instabilities): create_job (GridPP) ---
  [33m[INSTABILITY][0m RuntimeDispatchReport(runtime dispatch detected: %1::Any(%2::Main.OracleD.GridPPJobFactory)::Any)

--- JET.@report_opt (instabilities): create_job (LHCb) ---
  [33m[INSTABILITY][0m RuntimeDispatchReport(runtime dispatch detected: %1::Any(%2::Main.OracleD.LHCbJobFactory)::Any)

--- JET.@report_opt (instabilities): load_cluster_inventory ---
  [32m[OK][0m no optimization failures / dynamic dispatch detected

