========================================================================
  OracleD WHOLE-PORT Type Stability Report — Variant: graeme
  Date: 2026-09-04T11:42:36.432
========================================================================

  COLOUR LEGEND
    [31mred    [0m  definite instability: `::Any` / untyped / abstract field, dynamic dispatch, error
    [33myellow [0m  possible instability: `::Union{...}` (may be benign)
    [32mgreen  [0m  no issue
  View with `less -R` or `cat` to see the colours.

========================================================================
  SCAN A — STRUCT DEFINITION SCAN (entire src/, source level)
========================================================================
  [1m14 structs, 129 fields: [31m0 Any-field(s) [0m| [35m0 abstract-field(s) [0m| [33m0 Union-field(s) [0m


  [32mNo struct fields with Any / abstract / Union types found.[0m

========================================================================
  SCAN B — REFLECTED TYPE AUDIT (runtime fieldtypes over OracleD)
========================================================================
  Reflected [1m14[0m concrete structs defined in OracleD.
  Any-inline = whether instances are stored inline (no heap box).


  Totals: [31m0 Any[0m / [35m0 abstract[0m / [33m0 union[0m fields across [1m0 / 14[0m reflected structs.

========================================================================
  SCAN C — WHOLE-PORT JET SCAN (report_file on src/OracleD.jl)
========================================================================
  [31mFound 15 whole-port problem(s):[0m
  [33m[ISSUE][0m MethodErrorReport(no matching method found `getindex(::Nothing, ::String)`, `getindex(::Bool, ::String)`, `getindex(::Float64, ::String)`, `getindex(::Int64, ::String)`, `getindex(::String, ::String)`
  [33m[ISSUE][0m MethodErrorReport(no matching method found `get!(::Nothing, ::String, ::OrderedDict{String, Any})`, `get!(::Bool, ::String, ::OrderedDict{String, Any})`, `get!(::Float64, ::String, ::OrderedDict{Strin
  [33m[ISSUE][0m MethodErrorReport(no matching method found `create_run_directory(::Nothing)`, `create_run_directory(::Bool)`, `create_run_directory(::Float64)`, `create_run_directory(::Int64)`, `create_run_directory(
  [33m[ISSUE][0m MethodErrorReport(no matching method found `getindex(::Nothing, ::String)`, `getindex(::Bool, ::String)`, `getindex(::Float64, ::String)`, `getindex(::Int64, ::String)`, `getindex(::String, ::String)`
  [33m[ISSUE][0m NonBooleanCondErrorReport(non-boolean `Missing` found in boolean context (1/2 union split): goto %77 if not Main.var"##JETVirtualModule#285".OracleD.in(verbosity, tuple("medium", "high")::Tuple{String
  [33m[ISSUE][0m NonBooleanCondErrorReport(non-boolean `Missing` found in boolean context (1/2 union split): goto %350 if not Main.var"##JETVirtualModule#285".OracleD.in(verbosity::Any, tuple("low", "medium", "high"):
  [33m[ISSUE][0m MethodErrorReport(no matching method found `Main.var"##JETVirtualModule#285".OracleD.Simulation(::Nothing, ::Vector{Tuple{Main.var"##JETVirtualModule#285".OracleD.WorkerNodeSpec, Int64}})`, `Main.var"
  [33m[ISSUE][0m MethodErrorReport(no matching method found `+(::Nothing, ::Int64)` (1/2 union split): (freqindex Main.var"##JETVirtualModule#285".OracleD.:+ 1))
  [33m[ISSUE][0m MethodErrorReport(no matching method found `+(::Nothing, ::Int64)` (1/2 union split): (freqindex::Union{Nothing, Int64} Main.var"##JETVirtualModule#285".OracleD.:+ 1))
  [33m[ISSUE][0m MethodErrorReport(no matching method found `+(::Nothing, ::Int64)` (1/2 union split): (freqindex::Union{Nothing, Int64} Main.var"##JETVirtualModule#285".OracleD.:+ 1))
  [33m[ISSUE][0m MethodErrorReport(no matching method found `+(::Nothing, ::Int64)` (1/2 union split): (freqindex::Union{Nothing, Int64} Main.var"##JETVirtualModule#285".OracleD.:+ 1))
  [33m[ISSUE][0m MethodErrorReport(no matching method found `-(::Nothing, ::Int64)` (1/2 union split): (freqindex Main.var"##JETVirtualModule#285".OracleD.:- 1))
  [33m[ISSUE][0m MethodErrorReport(no matching method found `-(::Nothing, ::Int64)` (1/2 union split): (freqindex::Union{Nothing, Int64} Main.var"##JETVirtualModule#285".OracleD.:- 1))
  [33m[ISSUE][0m MethodErrorReport(no matching method found `-(::Nothing, ::Int64)` (1/2 union split): (freqindex::Union{Nothing, Int64} Main.var"##JETVirtualModule#285".OracleD.:- 1))
  [33m[ISSUE][0m MethodErrorReport(no matching method found `-(::Nothing, ::Int64)` (1/2 union split): (freqindex::Union{Nothing, Int64} Main.var"##JETVirtualModule#285".OracleD.:- 1))

========================================================================
  SCAN D — SELECTIVE DEEP-DIVE (hot-path functions)
========================================================================
--- JET.@report_call (errors): Cluster.update! ---
  [31m[ERROR][0m NonBooleanCondErrorReport(non-boolean `Missing` found in boolean context (1/2 union split): goto %77 if not Main.OracleD.in(verbosity, tuple("medium", "high")::Tuple{String, String})::Union{Missing, Bool})
  [31m[ERROR][0m NonBooleanCondErrorReport(non-boolean `Missing` found in boolean context (1/2 union split): goto %350 if not Main.OracleD.in(verbosity::Any, tuple("low", "medium", "high")::Tuple{String, String, String})::Union{Missing, Bool})
  [31m[ERROR][0m SeriousExceptionReport(ArgumentError: invalid index: throw(ArgumentError(LazyString("invalid index: ", Base.limitrepr(i::Nothing)::String, " of type ", typeof(i::Nothing)::Type{Nothing})::LazyString)::ArgumentError))
  [31m[ERROR][0m MethodErrorReport(no matching method found `+(::Nothing, ::Int64)` (1/2 union split): (freqindex Main.OracleD.:+ 1))
  [31m[ERROR][0m MethodErrorReport(no matching method found `+(::Nothing, ::Int64)` (1/2 union split): (freqindex::Union{Nothing, Int64} Main.OracleD.:+ 1))
  [31m[ERROR][0m MethodErrorReport(no matching method found `+(::Nothing, ::Int64)` (1/2 union split): (freqindex::Union{Nothing, Int64} Main.OracleD.:+ 1))
  [31m[ERROR][0m MethodErrorReport(no matching method found `+(::Nothing, ::Int64)` (1/2 union split): (freqindex::Union{Nothing, Int64} Main.OracleD.:+ 1))
  [31m[ERROR][0m MethodErrorReport(no matching method found `-(::Nothing, ::Int64)` (1/2 union split): (freqindex Main.OracleD.:- 1))
  [31m[ERROR][0m MethodErrorReport(no matching method found `-(::Nothing, ::Int64)` (1/2 union split): (freqindex::Union{Nothing, Int64} Main.OracleD.:- 1))
  [31m[ERROR][0m MethodErrorReport(no matching method found `-(::Nothing, ::Int64)` (1/2 union split): (freqindex::Union{Nothing, Int64} Main.OracleD.:- 1))
  [31m[ERROR][0m MethodErrorReport(no matching method found `-(::Nothing, ::Int64)` (1/2 union split): (freqindex::Union{Nothing, Int64} Main.OracleD.:- 1))

--- JET.@report_call (errors): WorkerNode.update! ---
  [31m[ERROR][0m NonBooleanCondErrorReport(non-boolean `Missing` found in boolean context (1/2 union split): goto %77 if not Main.OracleD.in(verbosity, tuple("medium", "high")::Tuple{String, String})::Union{Missing, Bool})
  [31m[ERROR][0m NonBooleanCondErrorReport(non-boolean `Missing` found in boolean context (1/2 union split): goto %350 if not Main.OracleD.in(verbosity::Any, tuple("low", "medium", "high")::Tuple{String, String, String})::Union{Missing, Bool})

--- JET.@report_call (errors): JobScheduler.update! ---
  [31m[ERROR][0m NonBooleanCondErrorReport(non-boolean `Missing` found in boolean context (1/2 union split): goto %77 if not Main.OracleD.in(verbosity, tuple("medium", "high")::Tuple{String, String})::Union{Missing, Bool})
  [31m[ERROR][0m NonBooleanCondErrorReport(non-boolean `Missing` found in boolean context (1/2 union split): goto %350 if not Main.OracleD.in(verbosity::Any, tuple("low", "medium", "high")::Tuple{String, String, String})::Union{Missing, Bool})

--- JET.@report_call (errors): Simulation constructor ---
  [31m[ERROR][0m NonBooleanCondErrorReport(non-boolean `Missing` found in boolean context (1/2 union split): goto %77 if not Main.OracleD.in(verbosity, tuple("medium", "high")::Tuple{String, String})::Union{Missing, Bool})
  [31m[ERROR][0m NonBooleanCondErrorReport(non-boolean `Missing` found in boolean context (1/2 union split): goto %350 if not Main.OracleD.in(verbosity::Any, tuple("low", "medium", "high")::Tuple{String, String, String})::Union{Missing, Bool})

--- JET.@report_opt (instabilities): Cluster.update! ---
  [32m[OK][0m no optimization failures / dynamic dispatch detected

--- JET.@report_opt (instabilities): WorkerNode.update! ---
  [32m[OK][0m no optimization failures / dynamic dispatch detected

--- JET.@report_opt (instabilities): JobScheduler.update! ---
  [32m[OK][0m no optimization failures / dynamic dispatch detected

--- JET.@report_opt (instabilities): Simulation constructor ---
  [33m[INSTABILITY][0m RuntimeDispatchReport(runtime dispatch detected: Dates.iterate(str::AbstractString, i::Int64)::Any)
  [33m[INSTABILITY][0m RuntimeDispatchReport(runtime dispatch detected: Dates.iterate(str::AbstractString, %21::Int64)::Any)
  [33m[INSTABILITY][0m RuntimeDispatchReport(runtime dispatch detected: Dates.tryparsenext(d::Dates.DatePart{'y'}, str::AbstractString, i::Int64, len::Int64)::Union{Nothing, Tuple{Int64, Int64}})
  [33m[INSTABILITY][0m RuntimeDispatchReport(runtime dispatch detected: Dates.tryparsenext(d::Dates.Delim{Char, 1}, str::AbstractString, i::Int64, len::Int64)::Union{Nothing, Tuple{Bool, Any}})
  [33m[INSTABILITY][0m RuntimeDispatchReport(runtime dispatch detected: Dates.tryparsenext(d::Dates.DatePart{'m'}, str::AbstractString, i::Any, len::Int64)::Union{Nothing, Tuple{Int64, Int64}})
  [33m[INSTABILITY][0m RuntimeDispatchReport(runtime dispatch detected: Dates.tryparsenext(d::Dates.DatePart{'d'}, str::AbstractString, i::Any, len::Int64)::Union{Nothing, Tuple{Int64, Int64}})
  [33m[INSTABILITY][0m RuntimeDispatchReport(runtime dispatch detected: Dates.tryparsenext(d::Dates.DatePart{'H'}, str::AbstractString, i::Any, len::Int64)::Union{Nothing, Tuple{Int64, Int64}})
  [33m[INSTABILITY][0m RuntimeDispatchReport(runtime dispatch detected: Dates.tryparsenext(d::Dates.DatePart{'M'}, str::AbstractString, i::Any, len::Int64)::Union{Nothing, Tuple{Int64, Int64}})
  [33m[INSTABILITY][0m RuntimeDispatchReport(runtime dispatch detected: (%1::Any)["verbosity"]::Any)
  [33m[INSTABILITY][0m RuntimeDispatchReport(runtime dispatch detected: Main.OracleD.get(%1::Any, "run_dir", "logs")::Any)
  [33m[INSTABILITY][0m RuntimeDispatchReport(runtime dispatch detected: Main.OracleD.DataLogger(0, 0, 0, 0, 0, 0, 0.0, 0.0, 0.0, 0.0, 0.0, 0.0, 0.0, 0.0, 0.0, 0.0, 0.0, %2::Any, %3::Any, %61::OrderedDict{String, Any})::Main.OracleD.DataLogger)
  [33m[INSTABILITY][0m RuntimeDispatchReport(runtime dispatch detected: ((%58::OrderedDict{String, Any})[%88::String] = %87::Any::Any))
  [33m[INSTABILITY][0m RuntimeDispatchReport(runtime dispatch detected: (%343::Any)["regular_incoming"]::Any)
  [33m[INSTABILITY][0m RuntimeDispatchReport(runtime dispatch detected: Main.OracleD.isempty(%346::Any)::Any)
  [33m[INSTABILITY][0m RuntimeDispatchReport(runtime dispatch detected: Main.OracleD.:!(%347::Any)::Any)
  [33m[INSTABILITY][0m RuntimeDispatchReport(runtime dispatch detected: (%343::Any)["regular_incoming"]::Any)
  [33m[INSTABILITY][0m RuntimeDispatchReport(runtime dispatch detected: iterate(%353::Any)::Any)
  [33m[INSTABILITY][0m RuntimeDispatchReport(runtime dispatch detected: (%359::Any)["job_mix"]::Any)
  [33m[INSTABILITY][0m RuntimeDispatchReport(runtime dispatch detected: iterate(%361::Any)::Any)
  [33m[INSTABILITY][0m RuntimeDispatchReport(runtime dispatch detected: Base.indexed_iterate(%367::Any, 1)::Any)
  [33m[INSTABILITY][0m RuntimeDispatchReport(runtime dispatch detected: Base.indexed_iterate(%367::Any, 2, %370::Any)::Any)
  [33m[INSTABILITY][0m RuntimeDispatchReport(runtime dispatch detected: (%359::Any)["incoming_timestep_seconds"]::Any)
  [33m[INSTABILITY][0m RuntimeDispatchReport(runtime dispatch detected: string(%369::Any, ": ", %372::Any, " per ", %374::Any, " seconds")::String)
  [33m[INSTABILITY][0m RuntimeDispatchReport(runtime dispatch detected: iterate(%361::Any, %373::Any)::Any)
  [33m[INSTABILITY][0m RuntimeDispatchReport(runtime dispatch detected: iterate(%353::Any, %360::Any)::Any)
  [33m[INSTABILITY][0m RuntimeDispatchReport(runtime dispatch detected: string("  start_time: ", %525::Any)::String)
  [33m[INSTABILITY][0m RuntimeDispatchReport(runtime dispatch detected: string("  max_end_time: ", %641::Any)::String)
  [33m[INSTABILITY][0m RuntimeDispatchReport(runtime dispatch detected: string("  simulation_length_seconds: ", %757::Any)::String)
  [33m[INSTABILITY][0m RuntimeDispatchReport(runtime dispatch detected: string("  timestep_seconds: ", %873::Any)::String)
  [33m[INSTABILITY][0m RuntimeDispatchReport(runtime dispatch detected: string("  savings_policy: ", %989::Any)::String)
  [33m[INSTABILITY][0m RuntimeDispatchReport(runtime dispatch detected: (%113::Any)["file"]::Any)
  [33m[INSTABILITY][0m RuntimeDispatchReport(runtime dispatch detected: string("  carbon_intensity_file: ", %993::Any)::String)
  [33m[INSTABILITY][0m RuntimeDispatchReport(runtime dispatch detected: (%113::Any)["segments"]::Any)
  [33m[INSTABILITY][0m RuntimeDispatchReport(runtime dispatch detected: (%995::Any)["start"]::Any)
  [33m[INSTABILITY][0m RuntimeDispatchReport(runtime dispatch detected: (%997::Any)["end"]::Any)
  [33m[INSTABILITY][0m RuntimeDispatchReport(runtime dispatch detected: string("  carbon_intensity_segments: ", %996::Any, " to ", %998::Any)::String)
  [33m[INSTABILITY][0m RuntimeDispatchReport(runtime dispatch detected: (%113::Any)["high_CI_threshold"]::Any)
  [33m[INSTABILITY][0m RuntimeDispatchReport(runtime dispatch detected: string("  high_CI_threshold: ", %1000::Any)::String)
  [33m[INSTABILITY][0m RuntimeDispatchReport(runtime dispatch detected: (%228::Any)["worker_nodes"]::Any)
  [33m[INSTABILITY][0m RuntimeDispatchReport(runtime dispatch detected: string("  worker_nodes: ", %1002::Any)::String)
  [33m[INSTABILITY][0m RuntimeDispatchReport(runtime dispatch detected: (%228::Any)["worker_cores"]::Any)
  [33m[INSTABILITY][0m RuntimeDispatchReport(runtime dispatch detected: string("  worker_cores: ", %1004::Any)::String)
  [33m[INSTABILITY][0m RuntimeDispatchReport(runtime dispatch detected: (%228::Any)["worker_node_inventory"]::Any)
  [33m[INSTABILITY][0m RuntimeDispatchReport(runtime dispatch detected: Main.OracleD._format_job_mix(%1006::Any)::Union{Nothing, Base.AnnotatedString{String}, String})
  [33m[INSTABILITY][0m RuntimeDispatchReport(runtime dispatch detected: (%343::Any)["initial"]::Any)
  [33m[INSTABILITY][0m RuntimeDispatchReport(runtime dispatch detected: Main.OracleD._format_job_mix(%1022::Any)::Union{Nothing, Base.AnnotatedString{String}, String})
  [33m[INSTABILITY][0m RuntimeDispatchReport(runtime dispatch detected: (%1::Any)["desired_starttime"]::Any)
  [33m[INSTABILITY][0m RuntimeDispatchReport(runtime dispatch detected: Main.OracleD.SimulationTime(config::Dict{String, Any}, %2::Any)::Main.OracleD.SimulationTime)
  [33m[INSTABILITY][0m RuntimeDispatchReport(runtime dispatch detected: (%4::Any)["simulation_length"]::Any)
  [33m[INSTABILITY][0m RuntimeDispatchReport(runtime dispatch detected: (%6::Any)["timestep"]::Any)
  [33m[INSTABILITY][0m RuntimeDispatchReport(runtime dispatch detected: ((%3::Main.OracleD.SimulationTime).timestep_seconds = %7::Any::Any))
  [33m[INSTABILITY][0m RuntimeDispatchReport(runtime dispatch detected: Main.OracleD.Second(%5::Any)::Any)
  [33m[INSTABILITY][0m RuntimeDispatchReport(runtime dispatch detected: (%43::DateTime Main.OracleD.:+ %44::Any)::Any)
  [33m[INSTABILITY][0m RuntimeDispatchReport(runtime dispatch detected: (%84::Any)["verbosity"]::Any)
  [33m[INSTABILITY][0m RuntimeDispatchReport(runtime dispatch detected: Main.OracleD.in(%85::Any, %95::Tuple{String, String})::Union{Missing, Bool})
  [33m[INSTABILITY][0m RuntimeDispatchReport(runtime dispatch detected: (%100::Any)["folder"]::Any)
  [33m[INSTABILITY][0m RuntimeDispatchReport(runtime dispatch detected: (%102::Any)["filename"]::Any)
  [33m[INSTABILITY][0m RuntimeDispatchReport(runtime dispatch detected: Main.OracleD.joinpath(%101::Any, %103::Any)::String)
  [33m[INSTABILITY][0m RuntimeDispatchReport(runtime dispatch detected: (%109::Any)["high_CI_threshold"]::Any)
  [33m[INSTABILITY][0m RuntimeDispatchReport(runtime dispatch detected: (%112::Any)["savings_policy"]::Any)
  [33m[INSTABILITY][0m RuntimeDispatchReport(runtime dispatch detected: Main.OracleD.Cluster(config::Dict{String, Any}, %3::Main.OracleD.SimulationTime, inventory::Vector{Tuple{Main.OracleD.WorkerNodeSpec, Int64}}, %108::Vector{Main.OracleD.CarbonIntensityEntry}, %113::Any, %110::Any, %111::Main.OracleD.DataLogger)::Main.OracleD.Cluster)
  [33m[INSTABILITY][0m RuntimeDispatchReport(runtime dispatch detected: Main.OracleD.pynum(%110::Any)::Any)
  [33m[INSTABILITY][0m RuntimeDispatchReport(runtime dispatch detected: ("CIThresholdValue: " Main.OracleD.:* %199::Any)::Union{Missing, Base.AnnotatedString{String}, Regex, String})
  [33m[INSTABILITY][0m RuntimeDispatchReport(runtime dispatch detected: (%228::Any)["regular_incoming_mix"]::Any)
  [33m[INSTABILITY][0m RuntimeDispatchReport(runtime dispatch detected: Main.OracleD.isempty(%229::Any)::Any)
  [33m[INSTABILITY][0m RuntimeDispatchReport(runtime dispatch detected: Main.OracleD.:!(%230::Any)::Any)
  [33m[INSTABILITY][0m RuntimeDispatchReport(runtime dispatch detected: (%233::Any)["regular_incoming_mix"]::Any)
  [33m[INSTABILITY][0m RuntimeDispatchReport(runtime dispatch detected: Base.Generator(#Simulation##0, %234::Any)::Base.Generator{_A, Main.OracleD.var"#Simulation##0#Simulation##1"} where _A)
  [33m[INSTABILITY][0m RuntimeDispatchReport(runtime dispatch detected: ::OrderedDict{String, Int64}(%235::Base.Generator{_A, Main.OracleD.var"#Simulation##0#Simulation##1"} where _A)::OrderedDict{String, Int64})
  [33m[INSTABILITY][0m RuntimeDispatchReport(runtime dispatch detected: (%237::Any)["incoming_timestep"]::Any)
  [33m[INSTABILITY][0m RuntimeDispatchReport(runtime dispatch detected: (%280::Any)["initial_mix"]::Any)
  [33m[INSTABILITY][0m RuntimeDispatchReport(runtime dispatch detected: Main.OracleD.JobScheduler(%3::Main.OracleD.SimulationTime, %114::Main.OracleD.Cluster, %281::Any, %227::Vector{Tuple{OrderedDict{String, Int64}, Int64}})::Main.OracleD.JobScheduler)
  [33m[INSTABILITY][0m RuntimeDispatchReport(runtime dispatch detected: Main.OracleD.Float64(%110::Any)::Any)
  [33m[INSTABILITY][0m RuntimeDispatchReport(runtime dispatch detected: Main.OracleD.Simulation(%2::Any, %3::Main.OracleD.SimulationTime, %5::Any, %41::DateTime, %80::DateTime, %85::Any, %104::String, %105::String, %108::Vector{Main.OracleD.CarbonIntensityEntry}, %614::Any, %114::Main.OracleD.Cluster, %111::Main.OracleD.DataLogger, %282::Main.OracleD.JobScheduler, "RF20PMTest-50000LHCJobs-Base")::Main.OracleD.Simulation)
  [33m[INSTABILITY][0m RuntimeDispatchReport(runtime dispatch detected: Main.OracleD.in(%85::Any, %632::Tuple{String, String, String})::Union{Missing, Bool})
  [33m[INSTABILITY][0m RuntimeDispatchReport(runtime dispatch detected: Main.OracleD._get_simulation_parameters(%631::Main.OracleD.Simulation, %101::Any, %103::Any, config::Dict{String, Any})::OrderedDict{String, Any})

--- JET.@report_call (errors): create_job (GridPP) ---
  [31m[ERROR][0m UndefVarErrorReport(`Main.OracleD.create_job` is not defined: getglobal(x::Module, f::Symbol))

--- JET.@report_call (errors): create_job (LHCb) ---
  [31m[ERROR][0m UndefVarErrorReport(`Main.OracleD.create_job` is not defined: getglobal(x::Module, f::Symbol))

--- JET.@report_call (errors): load_cluster_inventory ---
  [32m[OK][0m no errors detected by JET

--- JET.@report_opt (instabilities): create_job (GridPP) ---
  [33m[INSTABILITY][0m RuntimeDispatchReport(runtime dispatch detected: %1::Any(%2::Main.OracleD.GridPPJobFactory)::Any)

--- JET.@report_opt (instabilities): create_job (LHCb) ---
  [33m[INSTABILITY][0m RuntimeDispatchReport(runtime dispatch detected: %1::Any(%2::Main.OracleD.LHCbJobFactory)::Any)

--- JET.@report_opt (instabilities): load_cluster_inventory ---
  [32m[OK][0m no optimization failures / dynamic dispatch detected

--- @code_warntype: update!(cluster::Cluster) ---
MethodInstance for Main.OracleD.update!(::Main.OracleD.Cluster)
  from update!(cluster::Main.OracleD.Cluster) @ Main.OracleD /work/OracleD_Claude/OracleD.jl/src/Cluster.jl:175
Arguments
  #self#::Core.Const(Main.OracleD.update!)
  cluster::Main.OracleD.Cluster
Locals
  @_3[33m::UNION[0m{NOTHING, TUPLE{MAIN.ORACLED.WORKERNODE, INT64}}   [1m[35m<<< [UNION][0m
  @_4[33m::UNION[0m{NOTHING, TUPLE{MAIN.ORACLED.WORKERNODE, INT64}}   [1m[35m<<< [UNION][0m
  @_5[33m::UNION[0m{NOTHING, TUPLE{MAIN.ORACLED.WORKERNODE, INT64}}   [1m[35m<<< [UNION][0m
  @_6[33m::UNION[0m{NOTHING, TUPLE{MAIN.ORACLED.WORKERNODE, INT64}}   [1m[35m<<< [UNION][0m
  @_7[33m::UNION[0m{NOTHING, TUPLE{MAIN.ORACLED.WORKERNODE, INT64}}   [1m[35m<<< [UNION][0m
  @_8[33m::UNION[0m{NOTHING, TUPLE{MAIN.ORACLED.JOB, INT64}}   [1m[35m<<< [UNION][0m
  @_9[33m::UNION[0m{NOTHING, TUPLE{MAIN.ORACLED.WORKERNODE, INT64}}   [1m[35m<<< [UNION][0m
  remaining_jobs::Vector{Main.OracleD.Job}
  day::String
  current::DateTime
  worker_node@_13::Main.OracleD.WorkerNode
  @_14[33m::UNION[0m{NOTHING, TUPLE{MAIN.ORACLED.WORKERNODE, INT64}}   [1m[35m<<< [UNION][0m
  pending_job::Main.OracleD.Job
  scheduled::Bool
  worker_node@_17::Main.OracleD.WorkerNode
  worker_node@_18::Main.OracleD.WorkerNode
  worker_node@_19::Main.OracleD.WorkerNode
  worker_node@_20::Main.OracleD.WorkerNode
  worker_node@_21::Main.OracleD.WorkerNode
  worker_node@_22::Main.OracleD.WorkerNode
  @_23::Bool
Body::Main.OracleD.Cluster
1 ──        Core.NewvarNode(:(@_3))
│           Core.NewvarNode(:(@_4))
│           Core.NewvarNode(:(@_5))
│           Core.NewvarNode(:(@_6))
│           Core.NewvarNode(:(@_7))
│           Core.NewvarNode(:(@_8))
│           Core.NewvarNode(:(@_9))
│           Core.NewvarNode(:(remaining_jobs))
│    %9   = Main.OracleD.get_current_datetime::Core.Const(Main.OracleD.get_current_datetime)
│    %10  = Base.getproperty(cluster, :simulation_time)::Main.OracleD.SimulationTime
│           (current = (%9)(%10))
│    %12  = Main.OracleD.Dates::Core.Const(Dates)
│    %13  = Base.getproperty(%12, :format)::Core.Const(Dates.format)
│    %14  = current::DateTime
│           (day = (%13)(%14, dateformat"dd/mm/yyyy"))
│    %16  = Main.OracleD.:!=::Core.Const(!=)
│    %17  = day::String
│    %18  = Base.getproperty(cluster, :last_day)::String
│    %19  = (%16)(%17, %18)::Bool
└───        goto #3 if not %19
2 ── %21  = Main.OracleD.:+::Core.Const(+)
│    %22  = Base.getproperty(cluster, :days)::Int64
│    %23  = (%21)(%22, 1)::Int64
│           Base.setproperty!(cluster, :days, %23)
│    %25  = Main.OracleD.println::Core.Const(println)
│    %26  = Main.OracleD.:*::Core.Const(*)
│    %27  = day::String
│    %28  = Main.OracleD.string::Core.Const(string)
│    %29  = Base.getproperty(cluster, :days)::Int64
│    %30  = (%28)(%29)::String
│    %31  = (%26)(%27, ": Simulation Day ", %30)::String
│           (%25)(%31)
│    %33  = day::String
└───        Base.setproperty!(cluster, :last_day, %33)
3 ┄─ %35  = Base.getproperty(cluster, :worker_nodes)::Vector{Main.OracleD.WorkerNode}
│           (@_9 = Base.iterate(%35))
│    %37  = @_9[33m::UNION[0m{NOTHING, TUPLE{MAIN.ORACLED.WORKERNODE, INT64}}   [1m[35m<<< [UNION][0m
│    %38  = (%37 === nothing)::Bool
│    %39  = Base.not_int(%38)::Bool
└───        goto #6 if not %39
4 ┄─ %41  = @_9::Tuple{Main.OracleD.WorkerNode, Int64}
│           (worker_node@_13 = Core.getfield(%41, 1))
│    %43  = Core.getfield(%41, 2)::Int64
│    %44  = Main.OracleD.update!::Core.Const(Main.OracleD.update!)
│    %45  = worker_node@_13::Main.OracleD.WorkerNode
│           (%44)(%45)
│           (@_9 = Base.iterate(%35, %43))
│    %48  = @_9[33m::UNION[0m{NOTHING, TUPLE{MAIN.ORACLED.WORKERNODE, INT64}}   [1m[35m<<< [UNION][0m
│    %49  = (%48 === nothing)::Bool
│    %50  = Base.not_int(%49)::Bool
└───        goto #6 if not %50
5 ──        goto #4
6 ┄─ %53  = Main.OracleD.Job::Core.Const(Main.OracleD.Job)
│           (remaining_jobs = Base.getindex(%53))
│    %55  = Base.getproperty(cluster, :queued_jobs)::Vector{Main.OracleD.Job}
│           (@_8 = Base.iterate(%55))
│    %57  = @_8[33m::UNION[0m{NOTHING, TUPLE{MAIN.ORACLED.JOB, INT64}}   [1m[35m<<< [UNION][0m
│    %58  = (%57 === nothing)::Bool
│    %59  = Base.not_int(%58)::Bool
└───        goto #16 if not %59
7 ┄─ %61  = @_8::Tuple{Main.OracleD.Job, Int64}
│           (pending_job = Core.getfield(%61, 1))
│    %63  = Core.getfield(%61, 2)::Int64
│           (scheduled = false)
│    %65  = Base.getproperty(cluster, :worker_nodes)::Vector{Main.OracleD.WorkerNode}
│           (@_14 = Base.iterate(%65))
│    %67  = @_14[33m::UNION[0m{NOTHING, TUPLE{MAIN.ORACLED.WORKERNODE, INT64}}   [1m[35m<<< [UNION][0m
│    %68  = (%67 === nothing)::Bool
│    %69  = Base.not_int(%68)::Bool
└───        goto #12 if not %69
8 ┄─ %71  = @_14::Tuple{Main.OracleD.WorkerNode, Int64}
│           (worker_node@_17 = Core.getfield(%71, 1))
│    %73  = Core.getfield(%71, 2)::Int64
│    %74  = Main.OracleD.can_schedule_job::Core.Const(Main.OracleD.can_schedule_job)
│    %75  = worker_node@_17::Main.OracleD.WorkerNode
│    %76  = pending_job::Main.OracleD.Job
│    %77  = (%74)(%75, %76)::Bool
└───        goto #10 if not %77
9 ── %79  = Main.OracleD.start_job!::Core.Const(Main.OracleD.start_job!)
│    %80  = worker_node@_17::Main.OracleD.WorkerNode
│    %81  = pending_job::Main.OracleD.Job
│           (%79)(%80, %81)
│           (scheduled = true)
└───        goto #12
10 ─        (@_14 = Base.iterate(%65, %73))
│    %86  = @_14[33m::UNION[0m{NOTHING, TUPLE{MAIN.ORACLED.WORKERNODE, INT64}}   [1m[35m<<< [UNION][0m
│    %87  = (%86 === nothing)::Bool
│    %88  = Base.not_int(%87)::Bool
└───        goto #12 if not %88
11 ─        goto #8
12 ┄ %91  = Main.OracleD.:!::Core.Const(!)
│    %92  = scheduled::Bool
│    %93  = (%91)(%92)::Bool
└───        goto #14 if not %93
13 ─ %95  = Main.OracleD.push!::Core.Const(push!)
│    %96  = remaining_jobs::Vector{Main.OracleD.Job}
│    %97  = pending_job::Main.OracleD.Job
└───        (%95)(%96, %97)
14 ┄        (@_8 = Base.iterate(%55, %63))
│    %100 = @_8[33m::UNION[0m{NOTHING, TUPLE{MAIN.ORACLED.JOB, INT64}}   [1m[35m<<< [UNION][0m
│    %101 = (%100 === nothing)::Bool
│    %102 = Base.not_int(%101)::Bool
└───        goto #16 if not %102
15 ─        goto #7
16 ┄ %105 = remaining_jobs::Vector{Main.OracleD.Job}
│           Base.setproperty!(cluster, :queued_jobs, %105)
│    %107 = Main.OracleD.:!::Core.Const(!)
│    %108 = Main.OracleD.has_running_jobs::Core.Const(Main.OracleD.has_running_jobs)
│    %109 = (%108)(cluster)::Bool
│    %110 = (%107)(%109)::Bool
└───        goto #19 if not %110
17 ─ %112 = Main.OracleD.:!::Core.Const(!)
│    %113 = Main.OracleD.has_queued_jobs::Core.Const(Main.OracleD.has_queued_jobs)
│    %114 = (%113)(cluster)::Bool
│    %115 = (%112)(%114)::Bool
└───        goto #19 if not %115
18 ─ %117 = true::Core.Const(true)
│           Base.setproperty!(cluster, :mission_accomplished, %117)
│    %119 = cluster::Main.OracleD.Cluster
└───        return %119
19 ┄ %121 = Main.OracleD.:>::Core.Const(>)
│    %122 = current::DateTime
│    %123 = Base.getproperty(cluster, :carbondata)::Vector{Main.OracleD.CarbonIntensityEntry}
│    %124 = Main.OracleD.:+::Core.Const(+)
│    %125 = Base.getproperty(cluster, :cditerant)::Int64
│    %126 = (%124)(%125, 1)::Int64
│    %127 = Base.getindex(%123, %126)::Main.OracleD.CarbonIntensityEntry
│    %128 = Base.getproperty(%127, :datetime)::DateTime
│    %129 = (%121)(%122, %128)::Bool
└───        goto #21 if not %129
20 ─ %131 = Main.OracleD.:+::Core.Const(+)
│    %132 = Base.getproperty(cluster, :cditerant)::Int64
│    %133 = (%131)(%132, 1)::Int64
└───        Base.setproperty!(cluster, :cditerant, %133)
21 ┄ %135 = Main.OracleD.occursin::Core.Const(occursin)
│    %136 = Base.getproperty(cluster, :energy_saving_try)::String
│    %137 = (%135)("cd1721", %136)::Bool
└───        goto #36 if not %137
22 ─ %139 = Main.OracleD.:(==)::Core.Const(==)
│    %140 = Main.OracleD.hour::Core.Const(Dates.hour)
│    %141 = current::DateTime
│    %142 = (%140)(%141)::Int64
│    %143 = (%139)(%142, 17)::Bool
└───        goto #29 if not %143
23 ─ %145 = Main.OracleD.:<::Core.Const(<)
│    %146 = Main.OracleD.minute::Core.Const(Dates.minute)
│    %147 = current::DateTime
│    %148 = (%146)(%147)::Int64
│    %149 = (%145)(%148, 10)::Bool
└───        goto #29 if not %149
24 ─ %151 = Main.OracleD.println::Core.Const(println)
│           (%151)("It's 5pm time to clock down the nodes!")
│    %153 = Base.getproperty(cluster, :worker_nodes)::Vector{Main.OracleD.WorkerNode}
│           (@_7 = Base.iterate(%153))
│    %155 = @_7[33m::UNION[0m{NOTHING, TUPLE{MAIN.ORACLED.WORKERNODE, INT64}}   [1m[35m<<< [UNION][0m
│    %156 = (%155 === nothing)::Bool
│    %157 = Base.not_int(%156)::Bool
└───        goto #29 if not %157
25 ┄ %159 = @_7::Tuple{Main.OracleD.WorkerNode, Int64}
│           (worker_node@_18 = Core.getfield(%159, 1))
│    %161 = Core.getfield(%159, 2)::Int64
│    %162 = Main.OracleD.clock_down!::Core.Const(Main.OracleD.clock_down!)
│    %163 = worker_node@_18::Main.OracleD.WorkerNode
│           (%162)(%163)
│    %165 = Main.OracleD.:(==)::Core.Const(==)
│    %166 = Base.getproperty(cluster, :energy_saving_try)::String
│    %167 = (%165)(%166, "cdcd1721")::Bool
└───        goto #27 if not %167
26 ─ %169 = Main.OracleD.clock_down!::Core.Const(Main.OracleD.clock_down!)
│    %170 = worker_node@_18::Main.OracleD.WorkerNode
│           (%169)(%170)
└───        goto #27
27 ┄        (@_7 = Base.iterate(%153, %161))
│    %174 = @_7[33m::UNION[0m{NOTHING, TUPLE{MAIN.ORACLED.WORKERNODE, INT64}}   [1m[35m<<< [UNION][0m
│    %175 = (%174 === nothing)::Bool
│    %176 = Base.not_int(%175)::Bool
└───        goto #29 if not %176
28 ─        goto #25
29 ┄ %179 = Main.OracleD.:(==)::Core.Const(==)
│    %180 = Main.OracleD.hour::Core.Const(Dates.hour)
│    %181 = current::DateTime
│    %182 = (%180)(%181)::Int64
│    %183 = (%179)(%182, 21)::Bool
└───        goto #36 if not %183
30 ─ %185 = Main.OracleD.:<::Core.Const(<)
│    %186 = Main.OracleD.minute::Core.Const(Dates.minute)
│    %187 = current::DateTime
│    %188 = (%186)(%187)::Int64
│    %189 = (%185)(%188, 10)::Bool
└───        goto #36 if not %189
31 ─ %191 = Main.OracleD.println::Core.Const(println)
│           (%191)("It's 9pm time to clock up the nodes!")
│    %193 = Base.getproperty(cluster, :worker_nodes)::Vector{Main.OracleD.WorkerNode}
│           (@_6 = Base.iterate(%193))
│    %195 = @_6[33m::UNION[0m{NOTHING, TUPLE{MAIN.ORACLED.WORKERNODE, INT64}}   [1m[35m<<< [UNION][0m
│    %196 = (%195 === nothing)::Bool
│    %197 = Base.not_int(%196)::Bool
└───        goto #36 if not %197
32 ┄ %199 = @_6::Tuple{Main.OracleD.WorkerNode, Int64}
│           (worker_node@_19 = Core.getfield(%199, 1))
│    %201 = Core.getfield(%199, 2)::Int64
│    %202 = Main.OracleD.clock_up!::Core.Const(Main.OracleD.clock_up!)
│    %203 = worker_node@_19::Main.OracleD.WorkerNode
│           (%202)(%203)
│    %205 = Main.OracleD.:(==)::Core.Const(==)
│    %206 = Base.getproperty(cluster, :energy_saving_try)::String
│    %207 = (%205)(%206, "cdcd1721")::Bool
└───        goto #34 if not %207
33 ─ %209 = Main.OracleD.clock_up!::Core.Const(Main.OracleD.clock_up!)
│    %210 = worker_node@_19::Main.OracleD.WorkerNode
│           (%209)(%210)
└───        goto #34
34 ┄        (@_6 = Base.iterate(%193, %201))
│    %214 = @_6[33m::UNION[0m{NOTHING, TUPLE{MAIN.ORACLED.WORKERNODE, INT64}}   [1m[35m<<< [UNION][0m
│    %215 = (%214 === nothing)::Bool
│    %216 = Base.not_int(%215)::Bool
└───        goto #36 if not %216
35 ─        goto #32
36 ┄ %219 = Main.OracleD.occursin::Core.Const(occursin)
│    %220 = Base.getproperty(cluster, :energy_saving_try)::String
│    %221 = (%219)("highforecast", %220)::Bool
└───        goto #53 if not %221
37 ─ %223 = Base.getproperty(cluster, :anticipate_clkdown)::Bool
└───        goto #42 if not %223
38 ─ %225 = Base.getproperty(cluster, :worker_nodes)::Vector{Main.OracleD.WorkerNode}
│           (@_5 = Base.iterate(%225))
│    %227 = @_5[33m::UNION[0m{NOTHING, TUPLE{MAIN.ORACLED.WORKERNODE, INT64}}   [1m[35m<<< [UNION][0m
│    %228 = (%227 === nothing)::Bool
│    %229 = Base.not_int(%228)::Bool
└───        goto #41 if not %229
39 ┄ %231 = @_5::Tuple{Main.OracleD.WorkerNode, Int64}
│           (worker_node@_20 = Core.getfield(%231, 1))
│    %233 = Core.getfield(%231, 2)::Int64
│    %234 = Main.OracleD.clock_down!::Core.Const(Main.OracleD.clock_down!)
│    %235 = worker_node@_20::Main.OracleD.WorkerNode
│           (%234)(%235)
│           (@_5 = Base.iterate(%225, %233))
│    %238 = @_5[33m::UNION[0m{NOTHING, TUPLE{MAIN.ORACLED.WORKERNODE, INT64}}   [1m[35m<<< [UNION][0m
│    %239 = (%238 === nothing)::Bool
│    %240 = Base.not_int(%239)::Bool
└───        goto #41 if not %240
40 ─        goto #39
41 ┄ %243 = false::Core.Const(false)
│           Base.setproperty!(cluster, :anticipate_clkdown, %243)
│    %245 = true::Core.Const(true)
└───        Base.setproperty!(cluster, :in_clkdown, %245)
42 ┄ %247 = Base.getproperty(cluster, :anticipate_clockup)::Bool
└───        goto #47 if not %247
43 ─ %249 = Base.getproperty(cluster, :worker_nodes)::Vector{Main.OracleD.WorkerNode}
│           (@_4 = Base.iterate(%249))
│    %251 = @_4[33m::UNION[0m{NOTHING, TUPLE{MAIN.ORACLED.WORKERNODE, INT64}}   [1m[35m<<< [UNION][0m
│    %252 = (%251 === nothing)::Bool
│    %253 = Base.not_int(%252)::Bool
└───        goto #46 if not %253
44 ┄ %255 = @_4::Tuple{Main.OracleD.WorkerNode, Int64}
│           (worker_node@_21 = Core.getfield(%255, 1))
│    %257 = Core.getfield(%255, 2)::Int64
│    %258 = Main.OracleD.clock_up!::Core.Const(Main.OracleD.clock_up!)
│    %259 = worker_node@_21::Main.OracleD.WorkerNode
│           (%258)(%259)
│           (@_4 = Base.iterate(%249, %257))
│    %262 = @_4[33m::UNION[0m{NOTHING, TUPLE{MAIN.ORACLED.WORKERNODE, INT64}}   [1m[35m<<< [UNION][0m
│    %263 = (%262 === nothing)::Bool
│    %264 = Base.not_int(%263)::Bool
└───        goto #46 if not %264
45 ─        goto #44
46 ┄ %267 = false::Core.Const(false)
│           Base.setproperty!(cluster, :anticipate_clockup, %267)
│    %269 = false::Core.Const(false)
└───        Base.setproperty!(cluster, :in_clkdown, %269)
47 ┄ %271 = Main.OracleD.:!::Core.Const(!)
│    %272 = Base.getproperty(cluster, :in_clkdown)::Bool
│    %273 = (%271)(%272)::Bool
└───        goto #50 if not %273
48 ─ %275 = Main.OracleD.:>::Core.Const(>)
│    %276 = Base.getproperty(cluster, :carbondata)::Vector{Main.OracleD.CarbonIntensityEntry}
│    %277 = Main.OracleD.:+::Core.Const(+)
│    %278 = Base.getproperty(cluster, :cditerant)::Int64
│    %279 = (%277)(%278, 1)::Int64
│    %280 = Base.getindex(%276, %279)::Main.OracleD.CarbonIntensityEntry
│    %281 = Base.getproperty(%280, :forecast)::Float64
│    %282 = Main.OracleD.:+::Core.Const(+)
│    %283 = Base.getproperty(cluster, :CIThresholdValue)::Float64
│    %284 = (%282)(%283, 5)::Float64
│    %285 = (%275)(%281, %284)::Bool
└───        goto #50 if not %285
49 ─ %287 = Main.OracleD.println::Core.Const(println)
│           (%287)("Usage is expected to be high, next timestep we'll clock down the nodes.")
│    %289 = true::Core.Const(true)
└───        Base.setproperty!(cluster, :anticipate_clkdown, %289)
50 ┄ %291 = Base.getproperty(cluster, :in_clkdown)::Bool
└───        goto #53 if not %291
51 ─ %293 = Main.OracleD.:<::Core.Const(<)
│    %294 = Base.getproperty(cluster, :carbondata)::Vector{Main.OracleD.CarbonIntensityEntry}
│    %295 = Main.OracleD.:+::Core.Const(+)
│    %296 = Base.getproperty(cluster, :cditerant)::Int64
│    %297 = (%295)(%296, 1)::Int64
│    %298 = Base.getindex(%294, %297)::Main.OracleD.CarbonIntensityEntry
│    %299 = Base.getproperty(%298, :forecast)::Float64
│    %300 = Main.OracleD.:-::Core.Const(-)
│    %301 = Base.getproperty(cluster, :CIThresholdValue)::Float64
│    %302 = (%300)(%301, 5)::Float64
│    %303 = (%293)(%299, %302)::Bool
└───        goto #53 if not %303
52 ─ %305 = Main.OracleD.println::Core.Const(println)
│           (%305)("Usage is going down, next timestep we'll clock up the nodes.")
│    %307 = true::Core.Const(true)
└───        Base.setproperty!(cluster, :anticipate_clockup, %307)
53 ┄ %309 = Base.getproperty(cluster, :worker_nodes)::Vector{Main.OracleD.WorkerNode}
│           (@_3 = Base.iterate(%309))
│    %311 = @_3[33m::UNION[0m{NOTHING, TUPLE{MAIN.ORACLED.WORKERNODE, INT64}}   [1m[35m<<< [UNION][0m
│    %312 = (%311 === nothing)::Bool
│    %313 = Base.not_int(%312)::Bool
└───        goto #56 if not %313
54 ┄ %315 = @_3::Tuple{Main.OracleD.WorkerNode, Int64}
│           (worker_node@_22 = Core.getfield(%315, 1))
│    %317 = Core.getfield(%315, 2)::Int64
│    %318 = Main.OracleD.:+::Core.Const(+)
│    %319 = Base.getproperty(cluster, :timestep_power_dissipated)::Float64
│    %320 = Main.OracleD.timestep_power_dissipated::Core.Const(Main.OracleD.timestep_power_dissipated)
│    %321 = worker_node@_22::Main.OracleD.WorkerNode
│    %322 = (%320)(%321)::Float64
│    %323 = (%318)(%319, %322)::Float64
│           Base.setproperty!(cluster, :timestep_power_dissipated, %323)
│           (@_3 = Base.iterate(%309, %317))
│    %326 = @_3[33m::UNION[0m{NOTHING, TUPLE{MAIN.ORACLED.WORKERNODE, INT64}}   [1m[35m<<< [UNION][0m
│    %327 = (%326 === nothing)::Bool
│    %328 = Base.not_int(%327)::Bool
└───        goto #56 if not %328
55 ─        goto #54
56 ┄ %331 = Base.getproperty(cluster, :carbondata)::Vector{Main.OracleD.CarbonIntensityEntry}
│    %332 = Base.getproperty(cluster, :cditerant)::Int64
│    %333 = Base.getindex(%331, %332)::Main.OracleD.CarbonIntensityEntry
│    %334 = Base.getproperty(%333, :actual)::Float64
│           Base.setproperty!(cluster, :timestep_carbon_consumed, %334)
│    %336 = Main.OracleD.cluster_occupancy::Core.Const(Main.OracleD.cluster_occupancy)
│    %337 = (%336)(cluster)::Float64
│           Base.setproperty!(cluster, :timestep_occupancy, %337)
│    %339 = Main.OracleD.energy_and_carbon_consumed!::Core.Const(Main.OracleD.energy_and_carbon_consumed!)
│    %340 = Base.getproperty(cluster, :datalogger)::Main.OracleD.DataLogger
│    %341 = Base.getproperty(cluster, :timestep_power_dissipated)::Float64
│    %342 = Base.getproperty(cluster, :timestep_carbon_consumed)::Float64
│           (%339)(%340, %341, %342)
│    %344 = Main.OracleD.sum_occupancy!::Core.Const(Main.OracleD.sum_occupancy!)
│    %345 = Base.getproperty(cluster, :datalogger)::Main.OracleD.DataLogger
│    %346 = Base.getproperty(cluster, :timestep_occupancy)::Float64
│           (%344)(%345, %346)
│    %348 = Main.OracleD.Time::Core.Const(Time)
│    %349 = current::DateTime
│    %350 = (%348)(%349)::Time
│    %351 = Main.OracleD.:<::Core.Const(<)
│    %352 = Main.OracleD.Time::Core.Const(Time)
│    %353 = (%352)(17, 0, 0)::Core.Const(Time(17))
│    %354 = (%351)(%353, %350)::Bool
└───        goto #58 if not %354
57 ─ %356 = Main.OracleD.:<::Core.Const(<)
│    %357 = Main.OracleD.Time::Core.Const(Time)
│    %358 = (%357)(21, 0, 0)::Core.Const(Time(21))
│           (@_23 = (%356)(%350, %358))
└───        goto #59
58 ─        (@_23 = false)
59 ┄ %362 = @_23::Bool
└───        goto #61 if not %362
60 ─ %364 = Main.OracleD.peaktime_energy_and_carbon_consumed!::Core.Const(Main.OracleD.peaktime_energy_and_carbon_consumed!)
│    %365 = Base.getproperty(cluster, :datalogger)::Main.OracleD.DataLogger
│    %366 = Base.getproperty(cluster, :timestep_power_dissipated)::Float64
│    %367 = Base.getproperty(cluster, :timestep_carbon_consumed)::Float64
└───        (%364)(%365, %366, %367)
61 ┄        Base.setproperty!(cluster, :timestep_power_dissipated, 0.0)
│    %370 = cluster::Main.OracleD.Cluster
└───        return %370



  [33m[CHECK]       [0mno definite instability, but 24 Union{...} type(s) (may be benign)

--- @code_warntype: update!(worker_node::WorkerNode) ---
MethodInstance for Main.OracleD.update!(::Main.OracleD.WorkerNode)
  from update!(worker_node::Main.OracleD.WorkerNode) @ Main.OracleD /work/OracleD_Claude/OracleD.jl/src/WorkerNode.jl:340
Arguments
  #self#::Core.Const(Main.OracleD.update!)
  worker_node::Main.OracleD.WorkerNode
Locals
  @_3[33m::UNION[0m{NOTHING, TUPLE{MAIN.ORACLED.JOB, INT64}}   [1m[35m<<< [UNION][0m
  remaining_jobs::Vector{Main.OracleD.Job}
  current::DateTime
  job::Main.OracleD.Job
  elapsed_seconds::Int64
Body::Main.OracleD.WorkerNode
1 ─ %1  = Main.OracleD.get_current_datetime::Core.Const(Main.OracleD.get_current_datetime)
│   %2  = Base.getproperty(worker_node, :simulation_time)::Main.OracleD.SimulationTime
│         (current = (%1)(%2))
│   %4  = Main.OracleD.Job::Core.Const(Main.OracleD.Job)
│         (remaining_jobs = Base.getindex(%4))
│   %6  = Base.getproperty(worker_node, :jobs)::Vector{Main.OracleD.Job}
│         (@_3 = Base.iterate(%6))
│   %8  = @_3[33m::UNION[0m{NOTHING, TUPLE{MAIN.ORACLED.JOB, INT64}}   [1m[35m<<< [UNION][0m
│   %9  = (%8 === nothing)::Bool
│   %10 = Base.not_int(%9)::Bool
└──       goto #7 if not %10
2 ┄       Core.NewvarNode(:(elapsed_seconds))
│   %13 = @_3::Tuple{Main.OracleD.Job, Int64}
│         (job = Core.getfield(%13, 1))
│   %15 = Core.getfield(%13, 2)::Int64
│   %16 = Main.OracleD.:<=::Core.Const(<=)
│   %17 = job::Main.OracleD.Job
│   %18 = Base.getproperty(%17, :end_time)::DateTime
│   %19 = current::DateTime
│   %20 = (%16)(%18, %19)::Bool
└──       goto #4 if not %20
3 ─ %22 = Main.OracleD.fld::Core.Const(fld)
│   %23 = Main.OracleD.Dates::Core.Const(Dates)
│   %24 = Base.getproperty(%23, :value)::Core.Const(Dates.value)
│   %25 = Main.OracleD.:-::Core.Const(-)
│   %26 = job::Main.OracleD.Job
│   %27 = Base.getproperty(%26, :end_time)::DateTime
│   %28 = job::Main.OracleD.Job
│   %29 = Base.getproperty(%28, :start_time)::DateTime
│   %30 = (%25)(%27, %29)::Millisecond
│   %31 = (%24)(%30)::Int64
│         (elapsed_seconds = (%22)(%31, 1000))
│   %33 = Main.OracleD.set_duration!::Core.Const(Main.OracleD.set_duration!)
│   %34 = job::Main.OracleD.Job
│   %35 = Main.OracleD.Float64::Core.Const(Float64)
│   %36 = Main.OracleD.mod::Core.Const(mod)
│   %37 = elapsed_seconds::Int64
│   %38 = (%36)(%37, 86400)::Int64
│   %39 = (%35)(%38)::Float64
│         (%33)(%34, %39)
│   %41 = Main.OracleD.job_finish!::Core.Const(Main.OracleD.job_finish!)
│   %42 = Base.getproperty(worker_node, :datalogger)::Main.OracleD.DataLogger
│   %43 = job::Main.OracleD.Job
│         (%41)(%42, %43, worker_node)
│   %45 = Main.OracleD.:-::Core.Const(-)
│   %46 = Base.getproperty(worker_node, :busy_RAM)::Float64
│   %47 = Main.OracleD.:*::Core.Const(*)
│   %48 = job::Main.OracleD.Job
│   %49 = Base.getproperty(%48, :memory_req)::Float64
│   %50 = job::Main.OracleD.Job
│   %51 = Base.getproperty(%50, :cores_req)::Int64
│   %52 = (%47)(%49, %51)::Float64
│   %53 = (%45)(%46, %52)::Float64
│         Base.setproperty!(worker_node, :busy_RAM, %53)
│   %55 = Main.OracleD.:-::Core.Const(-)
│   %56 = Base.getproperty(worker_node, :busy_cores)::Int64
│   %57 = job::Main.OracleD.Job
│   %58 = Base.getproperty(%57, :cores_req)::Int64
│   %59 = (%55)(%56, %58)::Int64
│         Base.setproperty!(worker_node, :busy_cores, %59)
└──       goto #5
4 ─ %62 = Main.OracleD.push!::Core.Const(push!)
│   %63 = remaining_jobs::Vector{Main.OracleD.Job}
│   %64 = job::Main.OracleD.Job
└──       (%62)(%63, %64)
5 ┄       (@_3 = Base.iterate(%6, %15))
│   %67 = @_3[33m::UNION[0m{NOTHING, TUPLE{MAIN.ORACLED.JOB, INT64}}   [1m[35m<<< [UNION][0m
│   %68 = (%67 === nothing)::Bool
│   %69 = Base.not_int(%68)::Bool
└──       goto #7 if not %69
6 ─       goto #2
7 ┄ %72 = remaining_jobs::Vector{Main.OracleD.Job}
│         Base.setproperty!(worker_node, :jobs, %72)
│   %74 = worker_node::Main.OracleD.WorkerNode
└──       return %74



  [33m[CHECK]       [0mno definite instability, but 3 Union{...} type(s) (may be benign)

========================================================================
  SUMMARY
========================================================================

  SCAN A (source structs):    [31m0[0m Any-field(s), [35m0[0m abstract, [33m0[0m union across 14 structs
  SCAN B (reflected structs): [31m0[0m Any-field(s), [35m0[0m abstract, [33m0[0m union across 14 structs
  SCAN C (whole-port JET):    [31m15[0m whole-port problem(s)
  SCAN D (selective):         [33m78[0m @report_opt issue(s); [31m0[0m definite / [33m27[0m possible in @code_warntype

  JET.@report_opt / whole-port (dynamic dispatch / failures):
     [33m[ISSUES: 15][0m   Whole-port JET (report_file)
     [32m[OK][0m            Cluster.update!
     [32m[OK][0m            WorkerNode.update!
     [32m[OK][0m            JobScheduler.update!
     [33m[ISSUES: 76][0m   Simulation constructor
     [33m[ISSUES: 1][0m   create_job (GridPP)
     [33m[ISSUES: 1][0m   create_job (LHCb)
     [32m[OK][0m            load_cluster_inventory
     [1mTotal (@report_opt): 78 + whole-port JET: 15 = 93[0m

  @code_warntype verdicts (definite = Any + Core.Box):
     update!(cluster::Cluster)
        [33m[CHECK]       [0mno definite instability, but 24 Union{...} type(s) (may be benign)
     update!(worker_node::WorkerNode)
        [33m[CHECK]       [0mno definite instability, but 3 Union{...} type(s) (may be benign)
     [1mTotal definite: 0, possible (Union{...}): 27[0m

  [31mOverall verdict: 93 issue(s) across whole-port scans; see colour-coded output above.[0m
========================================================================
