========================================================================
  OracleD Type Stability Report — Variant: graeme
  Date: 2026-08-18T12:26:16.520
========================================================================

--- JET.@report_call: Cluster.update! ---
[No problems detected by JET]

--- JET.@report_call: WorkerNode.update! ---
[No problems detected by JET]

--- JET.@report_call: JobScheduler.update! ---
[No problems detected by JET]

--- JET.@report_call: Simulation constructor ---
[No problems detected by JET]

--- JET.@report_call: create_job! (GridPP) ---
[No problems detected by JET]

--- JET.@report_call: create_job! (LHCb) ---
[No problems detected by JET]

--- JET.@report_call: load_cluster_inventory ---
[No problems detected by JET]

--- @code_warntype: update!(cluster::Cluster) ---
MethodInstance for Main.OracleD.update!(::Main.OracleD.Cluster)
  from update!(cluster::Main.OracleD.Cluster) @ Main.OracleD /work/ORACLE_D_Graeme/OracleD.jl/src/Cluster.jl:175
Arguments
  #self#::Core.Const(Main.OracleD.update!)
  cluster::Main.OracleD.Cluster
Locals
  @_3::UNION{NOTHING, TUPLE{MAIN.ORACLED.WORKERNODE, INT64}}
  @_4::UNION{NOTHING, TUPLE{MAIN.ORACLED.WORKERNODE, INT64}}
  @_5::UNION{NOTHING, TUPLE{MAIN.ORACLED.WORKERNODE, INT64}}
  @_6::UNION{NOTHING, TUPLE{MAIN.ORACLED.WORKERNODE, INT64}}
  @_7::UNION{NOTHING, TUPLE{MAIN.ORACLED.WORKERNODE, INT64}}
  @_8::UNION{NOTHING, TUPLE{MAIN.ORACLED.JOB, INT64}}
  @_9::UNION{NOTHING, TUPLE{MAIN.ORACLED.WORKERNODE, INT64}}
  remaining_jobs::Vector{Main.OracleD.Job}
  day::String
  current::DateTime
  worker_node@_13::Main.OracleD.WorkerNode
  @_14::UNION{NOTHING, TUPLE{MAIN.ORACLED.WORKERNODE, INT64}}
  pending_job::Main.OracleD.Job
  scheduled::Bool
  worker_node@_17::Main.OracleD.WorkerNode
  worker_node@_18::Main.OracleD.WorkerNode
  worker_node@_19::Main.OracleD.WorkerNode
  worker_node@_20::Main.OracleD.WorkerNode
  worker_node@_21::Main.OracleD.WorkerNode
  worker_node@_22::Main.OracleD.WorkerNode
  @_23::Bool
Body::Main.OracleD.Cluster
1 ──        Core.NewvarNode(:(@_3))
│           Core.NewvarNode(:(@_4))
│           Core.NewvarNode(:(@_5))
│           Core.NewvarNode(:(@_6))
│           Core.NewvarNode(:(@_7))
│           Core.NewvarNode(:(@_8))
│           Core.NewvarNode(:(@_9))
│           Core.NewvarNode(:(remaining_jobs))
│    %9   = Main.OracleD.get_current_datetime::Core.Const(Main.OracleD.get_current_datetime)
│    %10  = Base.getproperty(cluster, :simulation_time)::Main.OracleD.SimulationTime
│           (current = (%9)(%10))
│    %12  = Main.OracleD.Dates::Core.Const(Dates)
│    %13  = Base.getproperty(%12, :format)::Core.Const(Dates.format)
│    %14  = current::DateTime
│           (day = (%13)(%14, dateformat"dd/mm/yyyy"))
│    %16  = Main.OracleD.:!=::Core.Const(!=)
│    %17  = day::String
│    %18  = Base.getproperty(cluster, :last_day)::String
│    %19  = (%16)(%17, %18)::Bool
└───        goto #3 if not %19
2 ── %21  = Main.OracleD.:+::Core.Const(+)
│    %22  = Base.getproperty(cluster, :days)::Int64
│    %23  = (%21)(%22, 1)::Int64
│           Base.setproperty!(cluster, :days, %23)
│    %25  = Main.OracleD.println::Core.Const(println)
│    %26  = Main.OracleD.:*::Core.Const(*)
│    %27  = day::String
│    %28  = Main.OracleD.string::Core.Const(string)
│    %29  = Base.getproperty(cluster, :days)::Int64
│    %30  = (%28)(%29)::String
│    %31  = (%26)(%27, ": Simulation Day ", %30)::String
│           (%25)(%31)
│    %33  = day::String
└───        Base.setproperty!(cluster, :last_day, %33)
3 ┄─ %35  = Base.getproperty(cluster, :worker_nodes)::Vector{Main.OracleD.WorkerNode}
│           (@_9 = Base.iterate(%35))
│    %37  = @_9::UNION{NOTHING, TUPLE{MAIN.ORACLED.WORKERNODE, INT64}}
│    %38  = (%37 === nothing)::Bool
│    %39  = Base.not_int(%38)::Bool
└───        goto #6 if not %39
4 ┄─ %41  = @_9::Tuple{Main.OracleD.WorkerNode, Int64}
│           (worker_node@_13 = Core.getfield(%41, 1))
│    %43  = Core.getfield(%41, 2)::Int64
│    %44  = Main.OracleD.update!::Core.Const(Main.OracleD.update!)
│    %45  = worker_node@_13::Main.OracleD.WorkerNode
│           (%44)(%45)
│           (@_9 = Base.iterate(%35, %43))
│    %48  = @_9::UNION{NOTHING, TUPLE{MAIN.ORACLED.WORKERNODE, INT64}}
│    %49  = (%48 === nothing)::Bool
│    %50  = Base.not_int(%49)::Bool
└───        goto #6 if not %50
5 ──        goto #4
6 ┄─ %53  = Main.OracleD.Job::Core.Const(Main.OracleD.Job)
│           (remaining_jobs = Base.getindex(%53))
│    %55  = Base.getproperty(cluster, :queued_jobs)::Vector{Main.OracleD.Job}
│           (@_8 = Base.iterate(%55))
│    %57  = @_8::UNION{NOTHING, TUPLE{MAIN.ORACLED.JOB, INT64}}
│    %58  = (%57 === nothing)::Bool
│    %59  = Base.not_int(%58)::Bool
└───        goto #16 if not %59
7 ┄─ %61  = @_8::Tuple{Main.OracleD.Job, Int64}
│           (pending_job = Core.getfield(%61, 1))
│    %63  = Core.getfield(%61, 2)::Int64
│           (scheduled = false)
│    %65  = Base.getproperty(cluster, :worker_nodes)::Vector{Main.OracleD.WorkerNode}
│           (@_14 = Base.iterate(%65))
│    %67  = @_14::UNION{NOTHING, TUPLE{MAIN.ORACLED.WORKERNODE, INT64}}
│    %68  = (%67 === nothing)::Bool
│    %69  = Base.not_int(%68)::Bool
└───        goto #12 if not %69
8 ┄─ %71  = @_14::Tuple{Main.OracleD.WorkerNode, Int64}
│           (worker_node@_17 = Core.getfield(%71, 1))
│    %73  = Core.getfield(%71, 2)::Int64
│    %74  = Main.OracleD.can_schedule_job::Core.Const(Main.OracleD.can_schedule_job)
│    %75  = worker_node@_17::Main.OracleD.WorkerNode
│    %76  = pending_job::Main.OracleD.Job
│    %77  = (%74)(%75, %76)::Bool
└───        goto #10 if not %77
9 ── %79  = Main.OracleD.start_job!::Core.Const(Main.OracleD.start_job!)
│    %80  = worker_node@_17::Main.OracleD.WorkerNode
│    %81  = pending_job::Main.OracleD.Job
│           (%79)(%80, %81)
│           (scheduled = true)
└───        goto #12
10 ─        (@_14 = Base.iterate(%65, %73))
│    %86  = @_14::UNION{NOTHING, TUPLE{MAIN.ORACLED.WORKERNODE, INT64}}
│    %87  = (%86 === nothing)::Bool
│    %88  = Base.not_int(%87)::Bool
└───        goto #12 if not %88
11 ─        goto #8
12 ┄ %91  = Main.OracleD.:!::Core.Const(!)
│    %92  = scheduled::Bool
│    %93  = (%91)(%92)::Bool
└───        goto #14 if not %93
13 ─ %95  = Main.OracleD.push!::Core.Const(push!)
│    %96  = remaining_jobs::Vector{Main.OracleD.Job}
│    %97  = pending_job::Main.OracleD.Job
└───        (%95)(%96, %97)
14 ┄        (@_8 = Base.iterate(%55, %63))
│    %100 = @_8::UNION{NOTHING, TUPLE{MAIN.ORACLED.JOB, INT64}}
│    %101 = (%100 === nothing)::Bool
│    %102 = Base.not_int(%101)::Bool
└───        goto #16 if not %102
15 ─        goto #7
16 ┄ %105 = remaining_jobs::Vector{Main.OracleD.Job}
│           Base.setproperty!(cluster, :queued_jobs, %105)
│    %107 = Main.OracleD.:!::Core.Const(!)
│    %108 = Main.OracleD.has_running_jobs::Core.Const(Main.OracleD.has_running_jobs)
│    %109 = (%108)(cluster)::Bool
│    %110 = (%107)(%109)::Bool
└───        goto #19 if not %110
17 ─ %112 = Main.OracleD.:!::Core.Const(!)
│    %113 = Main.OracleD.has_queued_jobs::Core.Const(Main.OracleD.has_queued_jobs)
│    %114 = (%113)(cluster)::Bool
│    %115 = (%112)(%114)::Bool
└───        goto #19 if not %115
18 ─ %117 = true::Core.Const(true)
│           Base.setproperty!(cluster, :mission_accomplished, %117)
│    %119 = cluster::Main.OracleD.Cluster
└───        return %119
19 ┄ %121 = Main.OracleD.:>::Core.Const(>)
│    %122 = current::DateTime
│    %123 = Base.getproperty(cluster, :carbondata)::Vector{Main.OracleD.CarbonIntensityEntry}
│    %124 = Main.OracleD.:+::Core.Const(+)
│    %125 = Base.getproperty(cluster, :cditerant)::Int64
│    %126 = (%124)(%125, 1)::Int64
│    %127 = Base.getindex(%123, %126)::Main.OracleD.CarbonIntensityEntry
│    %128 = Base.getproperty(%127, :datetime)::DateTime
│    %129 = (%121)(%122, %128)::Bool
└───        goto #21 if not %129
20 ─ %131 = Main.OracleD.:+::Core.Const(+)
│    %132 = Base.getproperty(cluster, :cditerant)::Int64
│    %133 = (%131)(%132, 1)::Int64
└───        Base.setproperty!(cluster, :cditerant, %133)
21 ┄ %135 = Main.OracleD.occursin::Core.Const(occursin)
│    %136 = Base.getproperty(cluster, :energy_saving_try)::String
│    %137 = (%135)("cd1721", %136)::Bool
└───        goto #36 if not %137
22 ─ %139 = Main.OracleD.:(==)::Core.Const(==)
│    %140 = Main.OracleD.hour::Core.Const(Dates.hour)
│    %141 = current::DateTime
│    %142 = (%140)(%141)::Int64
│    %143 = (%139)(%142, 17)::Bool
└───        goto #29 if not %143
23 ─ %145 = Main.OracleD.:<::Core.Const(<)
│    %146 = Main.OracleD.minute::Core.Const(Dates.minute)
│    %147 = current::DateTime
│    %148 = (%146)(%147)::Int64
│    %149 = (%145)(%148, 10)::Bool
└───        goto #29 if not %149
24 ─ %151 = Main.OracleD.println::Core.Const(println)
│           (%151)("It's 5pm time to clock down the nodes!")
│    %153 = Base.getproperty(cluster, :worker_nodes)::Vector{Main.OracleD.WorkerNode}
│           (@_7 = Base.iterate(%153))
│    %155 = @_7::UNION{NOTHING, TUPLE{MAIN.ORACLED.WORKERNODE, INT64}}
│    %156 = (%155 === nothing)::Bool
│    %157 = Base.not_int(%156)::Bool
└───        goto #29 if not %157
25 ┄ %159 = @_7::Tuple{Main.OracleD.WorkerNode, Int64}
│           (worker_node@_18 = Core.getfield(%159, 1))
│    %161 = Core.getfield(%159, 2)::Int64
│    %162 = Main.OracleD.clock_down!::Core.Const(Main.OracleD.clock_down!)
│    %163 = worker_node@_18::Main.OracleD.WorkerNode
│           (%162)(%163)
│    %165 = Main.OracleD.:(==)::Core.Const(==)
│    %166 = Base.getproperty(cluster, :energy_saving_try)::String
│    %167 = (%165)(%166, "cdcd1721")::Bool
└───        goto #27 if not %167
26 ─ %169 = Main.OracleD.clock_down!::Core.Const(Main.OracleD.clock_down!)
│    %170 = worker_node@_18::Main.OracleD.WorkerNode
│           (%169)(%170)
└───        goto #27
27 ┄        (@_7 = Base.iterate(%153, %161))
│    %174 = @_7::UNION{NOTHING, TUPLE{MAIN.ORACLED.WORKERNODE, INT64}}
│    %175 = (%174 === nothing)::Bool
│    %176 = Base.not_int(%175)::Bool
└───        goto #29 if not %176
28 ─        goto #25
29 ┄ %179 = Main.OracleD.:(==)::Core.Const(==)
│    %180 = Main.OracleD.hour::Core.Const(Dates.hour)
│    %181 = current::DateTime
│    %182 = (%180)(%181)::Int64
│    %183 = (%179)(%182, 21)::Bool
└───        goto #36 if not %183
30 ─ %185 = Main.OracleD.:<::Core.Const(<)
│    %186 = Main.OracleD.minute::Core.Const(Dates.minute)
│    %187 = current::DateTime
│    %188 = (%186)(%187)::Int64
│    %189 = (%185)(%188, 10)::Bool
└───        goto #36 if not %189
31 ─ %191 = Main.OracleD.println::Core.Const(println)
│           (%191)("It's 9pm time to clock up the nodes!")
│    %193 = Base.getproperty(cluster, :worker_nodes)::Vector{Main.OracleD.WorkerNode}
│           (@_6 = Base.iterate(%193))
│    %195 = @_6::UNION{NOTHING, TUPLE{MAIN.ORACLED.WORKERNODE, INT64}}
│    %196 = (%195 === nothing)::Bool
│    %197 = Base.not_int(%196)::Bool
└───        goto #36 if not %197
32 ┄ %199 = @_6::Tuple{Main.OracleD.WorkerNode, Int64}
│           (worker_node@_19 = Core.getfield(%199, 1))
│    %201 = Core.getfield(%199, 2)::Int64
│    %202 = Main.OracleD.clock_up!::Core.Const(Main.OracleD.clock_up!)
│    %203 = worker_node@_19::Main.OracleD.WorkerNode
│           (%202)(%203)
│    %205 = Main.OracleD.:(==)::Core.Const(==)
│    %206 = Base.getproperty(cluster, :energy_saving_try)::String
│    %207 = (%205)(%206, "cdcd1721")::Bool
└───        goto #34 if not %207
33 ─ %209 = Main.OracleD.clock_up!::Core.Const(Main.OracleD.clock_up!)
│    %210 = worker_node@_19::Main.OracleD.WorkerNode
│           (%209)(%210)
└───        goto #34
34 ┄        (@_6 = Base.iterate(%193, %201))
│    %214 = @_6::UNION{NOTHING, TUPLE{MAIN.ORACLED.WORKERNODE, INT64}}
│    %215 = (%214 === nothing)::Bool
│    %216 = Base.not_int(%215)::Bool
└───        goto #36 if not %216
35 ─        goto #32
36 ┄ %219 = Main.OracleD.occursin::Core.Const(occursin)
│    %220 = Base.getproperty(cluster, :energy_saving_try)::String
│    %221 = (%219)("highforecast", %220)::Bool
└───        goto #53 if not %221
37 ─ %223 = Base.getproperty(cluster, :anticipate_clkdown)::Bool
└───        goto #42 if not %223
38 ─ %225 = Base.getproperty(cluster, :worker_nodes)::Vector{Main.OracleD.WorkerNode}
│           (@_5 = Base.iterate(%225))
│    %227 = @_5::UNION{NOTHING, TUPLE{MAIN.ORACLED.WORKERNODE, INT64}}
│    %228 = (%227 === nothing)::Bool
│    %229 = Base.not_int(%228)::Bool
└───        goto #41 if not %229
39 ┄ %231 = @_5::Tuple{Main.OracleD.WorkerNode, Int64}
│           (worker_node@_20 = Core.getfield(%231, 1))
│    %233 = Core.getfield(%231, 2)::Int64
│    %234 = Main.OracleD.clock_down!::Core.Const(Main.OracleD.clock_down!)
│    %235 = worker_node@_20::Main.OracleD.WorkerNode
│           (%234)(%235)
│           (@_5 = Base.iterate(%225, %233))
│    %238 = @_5::UNION{NOTHING, TUPLE{MAIN.ORACLED.WORKERNODE, INT64}}
│    %239 = (%238 === nothing)::Bool
│    %240 = Base.not_int(%239)::Bool
└───        goto #41 if not %240
40 ─        goto #39
41 ┄ %243 = false::Core.Const(false)
│           Base.setproperty!(cluster, :anticipate_clkdown, %243)
│    %245 = true::Core.Const(true)
└───        Base.setproperty!(cluster, :in_clkdown, %245)
42 ┄ %247 = Base.getproperty(cluster, :anticipate_clockup)::Bool
└───        goto #47 if not %247
43 ─ %249 = Base.getproperty(cluster, :worker_nodes)::Vector{Main.OracleD.WorkerNode}
│           (@_4 = Base.iterate(%249))
│    %251 = @_4::UNION{NOTHING, TUPLE{MAIN.ORACLED.WORKERNODE, INT64}}
│    %252 = (%251 === nothing)::Bool
│    %253 = Base.not_int(%252)::Bool
└───        goto #46 if not %253
44 ┄ %255 = @_4::Tuple{Main.OracleD.WorkerNode, Int64}
│           (worker_node@_21 = Core.getfield(%255, 1))
│    %257 = Core.getfield(%255, 2)::Int64
│    %258 = Main.OracleD.clock_up!::Core.Const(Main.OracleD.clock_up!)
│    %259 = worker_node@_21::Main.OracleD.WorkerNode
│           (%258)(%259)
│           (@_4 = Base.iterate(%249, %257))
│    %262 = @_4::UNION{NOTHING, TUPLE{MAIN.ORACLED.WORKERNODE, INT64}}
│    %263 = (%262 === nothing)::Bool
│    %264 = Base.not_int(%263)::Bool
└───        goto #46 if not %264
45 ─        goto #44
46 ┄ %267 = false::Core.Const(false)
│           Base.setproperty!(cluster, :anticipate_clockup, %267)
│    %269 = false::Core.Const(false)
└───        Base.setproperty!(cluster, :in_clkdown, %269)
47 ┄ %271 = Main.OracleD.:!::Core.Const(!)
│    %272 = Base.getproperty(cluster, :in_clkdown)::Bool
│    %273 = (%271)(%272)::Bool
└───        goto #50 if not %273
48 ─ %275 = Main.OracleD.:>::Core.Const(>)
│    %276 = Base.getproperty(cluster, :carbondata)::Vector{Main.OracleD.CarbonIntensityEntry}
│    %277 = Main.OracleD.:+::Core.Const(+)
│    %278 = Base.getproperty(cluster, :cditerant)::Int64
│    %279 = (%277)(%278, 1)::Int64
│    %280 = Base.getindex(%276, %279)::Main.OracleD.CarbonIntensityEntry
│    %281 = Base.getproperty(%280, :forecast)::Float64
│    %282 = Main.OracleD.:+::Core.Const(+)
│    %283 = Base.getproperty(cluster, :CIThresholdValue)::Float64
│    %284 = (%282)(%283, 5)::Float64
│    %285 = (%275)(%281, %284)::Bool
└───        goto #50 if not %285
49 ─ %287 = Main.OracleD.println::Core.Const(println)
│           (%287)("Usage is expected to be high, next timestep we'll clock down the nodes.")
│    %289 = true::Core.Const(true)
└───        Base.setproperty!(cluster, :anticipate_clkdown, %289)
50 ┄ %291 = Base.getproperty(cluster, :in_clkdown)::Bool
└───        goto #53 if not %291
51 ─ %293 = Main.OracleD.:<::Core.Const(<)
│    %294 = Base.getproperty(cluster, :carbondata)::Vector{Main.OracleD.CarbonIntensityEntry}
│    %295 = Main.OracleD.:+::Core.Const(+)
│    %296 = Base.getproperty(cluster, :cditerant)::Int64
│    %297 = (%295)(%296, 1)::Int64
│    %298 = Base.getindex(%294, %297)::Main.OracleD.CarbonIntensityEntry
│    %299 = Base.getproperty(%298, :forecast)::Float64
│    %300 = Main.OracleD.:-::Core.Const(-)
│    %301 = Base.getproperty(cluster, :CIThresholdValue)::Float64
│    %302 = (%300)(%301, 5)::Float64
│    %303 = (%293)(%299, %302)::Bool
└───        goto #53 if not %303
52 ─ %305 = Main.OracleD.println::Core.Const(println)
│           (%305)("Usage is going down, next timestep we'll clock up the nodes.")
│    %307 = true::Core.Const(true)
└───        Base.setproperty!(cluster, :anticipate_clockup, %307)
53 ┄ %309 = Base.getproperty(cluster, :worker_nodes)::Vector{Main.OracleD.WorkerNode}
│           (@_3 = Base.iterate(%309))
│    %311 = @_3::UNION{NOTHING, TUPLE{MAIN.ORACLED.WORKERNODE, INT64}}
│    %312 = (%311 === nothing)::Bool
│    %313 = Base.not_int(%312)::Bool
└───        goto #56 if not %313
54 ┄ %315 = @_3::Tuple{Main.OracleD.WorkerNode, Int64}
│           (worker_node@_22 = Core.getfield(%315, 1))
│    %317 = Core.getfield(%315, 2)::Int64
│    %318 = Main.OracleD.:+::Core.Const(+)
│    %319 = Base.getproperty(cluster, :timestep_power_dissipated)::Float64
│    %320 = Main.OracleD.timestep_power_dissipated::Core.Const(Main.OracleD.timestep_power_dissipated)
│    %321 = worker_node@_22::Main.OracleD.WorkerNode
│    %322 = (%320)(%321)::Float64
│    %323 = (%318)(%319, %322)::Float64
│           Base.setproperty!(cluster, :timestep_power_dissipated, %323)
│           (@_3 = Base.iterate(%309, %317))
│    %326 = @_3::UNION{NOTHING, TUPLE{MAIN.ORACLED.WORKERNODE, INT64}}
│    %327 = (%326 === nothing)::Bool
│    %328 = Base.not_int(%327)::Bool
└───        goto #56 if not %328
55 ─        goto #54
56 ┄ %331 = Base.getproperty(cluster, :carbondata)::Vector{Main.OracleD.CarbonIntensityEntry}
│    %332 = Base.getproperty(cluster, :cditerant)::Int64
│    %333 = Base.getindex(%331, %332)::Main.OracleD.CarbonIntensityEntry
│    %334 = Base.getproperty(%333, :actual)::Float64
│           Base.setproperty!(cluster, :timestep_carbon_consumed, %334)
│    %336 = Main.OracleD.cluster_occupancy::Core.Const(Main.OracleD.cluster_occupancy)
│    %337 = (%336)(cluster)::Float64
│           Base.setproperty!(cluster, :timestep_occupancy, %337)
│    %339 = Main.OracleD.energy_and_carbon_consumed!::Core.Const(Main.OracleD.energy_and_carbon_consumed!)
│    %340 = Base.getproperty(cluster, :datalogger)::Main.OracleD.DataLogger
│    %341 = Base.getproperty(cluster, :timestep_power_dissipated)::Float64
│    %342 = Base.getproperty(cluster, :timestep_carbon_consumed)::Float64
│           (%339)(%340, %341, %342)
│    %344 = Main.OracleD.sum_occupancy!::Core.Const(Main.OracleD.sum_occupancy!)
│    %345 = Base.getproperty(cluster, :datalogger)::Main.OracleD.DataLogger
│    %346 = Base.getproperty(cluster, :timestep_occupancy)::Float64
│           (%344)(%345, %346)
│    %348 = Main.OracleD.Time::Core.Const(Time)
│    %349 = current::DateTime
│    %350 = (%348)(%349)::Time
│    %351 = Main.OracleD.:<::Core.Const(<)
│    %352 = Main.OracleD.Time::Core.Const(Time)
│    %353 = (%352)(17, 0, 0)::Core.Const(Time(17))
│    %354 = (%351)(%353, %350)::Bool
└───        goto #58 if not %354
57 ─ %356 = Main.OracleD.:<::Core.Const(<)
│    %357 = Main.OracleD.Time::Core.Const(Time)
│    %358 = (%357)(21, 0, 0)::Core.Const(Time(21))
│           (@_23 = (%356)(%350, %358))
└───        goto #59
58 ─        (@_23 = false)
59 ┄ %362 = @_23::Bool
└───        goto #61 if not %362
60 ─ %364 = Main.OracleD.peaktime_energy_and_carbon_consumed!::Core.Const(Main.OracleD.peaktime_energy_and_carbon_consumed!)
│    %365 = Base.getproperty(cluster, :datalogger)::Main.OracleD.DataLogger
│    %366 = Base.getproperty(cluster, :timestep_power_dissipated)::Float64
│    %367 = Base.getproperty(cluster, :timestep_carbon_consumed)::Float64
└───        (%364)(%365, %366, %367)
61 ┄        Base.setproperty!(cluster, :timestep_power_dissipated, 0.0)
│    %370 = cluster::Main.OracleD.Cluster
└───        return %370

nothing

